47.128.48.44 - - [20/Feb/2024:01:42:54 +0800] "GET /Local%20Street%20Delight%20Buffet?limit=12&order=DESC&page=6&sort=pd.name HTTP/2.0" 404 189686 "-" "Mozilla/5.0 (Linux; Android 5.0) AppleWebKit/537.36 (KHTML, like Gecko) Mobile Safari/537.36 (compatible; Bytespider; spider-feedback@bytedance.com)" "-"
47.128.208.92 - - [20/Feb/2024:01:43:25 +0800] "POST /wp-cron.php?doing_wp_cron=1708364605.5231568813323974609375 HTTP/1.1" 200 11 "-" "WordPress/6.4.3; https://amici.com.sg" "-"
118.201.224.174 - - [20/Feb/2024:01:43:25 +0800] "POST /wp-admin/admin-ajax.php HTTP/2.0" 200 52 "https://amici.com.sg/wp-admin/post.php?post=2618&action=edit" "Mozilla/5.0 (Windows NT 10.0; Win64; x64) AppleWebKit/537.36 (KHTML, like Gecko) Chrome/121.0.0.0 Safari/537.36" "-"
47.128.48.233 - - [20/Feb/2024:01:43:28 +0800] "GET /Local%20Street%20Delight%20Buffet?limit=25&order=DESC&page=4&sort=pd.name HTTP/2.0" 404 189687 "-" "Mozilla/5.0 (Linux; Android 5.0) AppleWebKit/537.36 (KHTML, like Gecko) Mobile Safari/537.36 (compatible; Bytespider; spider-feedback@bytedance.com)" "-"
40.77.167.1 - - [20/Feb/2024:01:43:43 +0800] "GET /international-buffet-e?manufacturer_id=&sort=p.price&order=ASC&page=2&limit=25 HTTP/2.0" 404 189686 "-" "Mozilla/5.0 AppleWebKit/537.36 (KHTML, like Gecko; compatible; bingbot/2.0; +http://www.bing.com/bingbot.htm) Chrome/116.0.1938.76 Safari/537.36" "-"
118.201.224.174 - - [20/Feb/2024:01:43:43 +0800] "POST /wp-admin/admin-ajax.php HTTP/2.0" 200 52 "https://amici.com.sg/wp-admin/post.php?post=2618&action=edit" "Mozilla/5.0 (Windows NT 10.0; Win64; x64) AppleWebKit/537.36 (KHTML, like Gecko) Chrome/121.0.0.0 Safari/537.36" "-"
34.73.74.150 - - [20/Feb/2024:01:43:55 +0800] "GET /robots.txt HTTP/1.0" 301 162 "-" "ZoominfoBot (zoominfobot at zoominfo dot com)" "-"
47.128.208.92 - - [20/Feb/2024:01:43:56 +0800] "POST /wp-cron.php?doing_wp_cron=1708364636.5223219394683837890625 HTTP/1.1" 200 11 "-" "WordPress/6.4.3; https://amici.com.sg" "-"
34.73.74.150 - - [20/Feb/2024:01:43:56 +0800] "GET /robots.txt HTTP/1.1" 301 5 "-" "ZoominfoBot (zoominfobot at zoominfo dot com)" "-"
34.73.74.150 - - [20/Feb/2024:01:43:57 +0800] "GET /robots.txt HTTP/1.1" 200 124 "-" "ZoominfoBot (zoominfobot at zoominfo dot com)" "-"
34.73.74.150 - - [20/Feb/2024:01:43:58 +0800] "GET / HTTP/1.0" 301 162 "-" "ZoominfoBot (zoominfobot at zoominfo dot com)" "-"
34.73.74.150 - - [20/Feb/2024:01:43:58 +0800] "GET /robots.txt HTTP/1.0" 301 0 "-" "ZoominfoBot (zoominfobot at zoominfo dot com)" "-"
34.73.74.150 - - [20/Feb/2024:01:43:59 +0800] "GET /robots.txt HTTP/1.1" 200 124 "-" "ZoominfoBot (zoominfobot at zoominfo dot com)" "-"
47.128.48.172 - - [20/Feb/2024:01:43:59 +0800] "GET /Local%20Street%20Delight%20Buffet?limit=75&order=ASC&page=3&sort=pd.name HTTP/2.0" 404 189684 "-" "Mozilla/5.0 (Linux; Android 5.0) AppleWebKit/537.36 (KHTML, like Gecko) Mobile Safari/537.36 (compatible; Bytespider; spider-feedback@bytedance.com)" "-"
34.73.74.150 - - [20/Feb/2024:01:44:00 +0800] "GET / HTTP/1.0" 301 0 "-" "ZoominfoBot (zoominfobot at zoominfo dot com)" "-"
47.128.55.188 - - [20/Feb/2024:01:44:31 +0800] "GET /Local%20Street%20Delight%20Buffet?limit=12&order=ASC&page=11&sort=p.price HTTP/2.0" 404 189685 "-" "Mozilla/5.0 (Linux; Android 5.0) AppleWebKit/537.36 (KHTML, like Gecko) Mobile Safari/537.36 (compatible; Bytespider; spider-feedback@bytedance.com)" "-"
124.237.181.138 - - [20/Feb/2024:01:44:32 +0800] "GET / HTTP/1.1" 200 198550 "-" "Mozilla/5.0 (iPhone; CPU iPhone OS 14_7_1 like Mac OS X) AppleWebKit/605.1.15 (KHTML, like Gecko) Version/14.1.2 Mobile/15E148 Safari/604.1" "-"
118.201.224.174 - - [20/Feb/2024:01:44:33 +0800] "POST /wp-admin/admin-ajax.php HTTP/2.0" 200 52 "https://amici.com.sg/wp-admin/post.php?post=2618&action=edit" "Mozilla/5.0 (Windows NT 10.0; Win64; x64) AppleWebKit/537.36 (KHTML, like Gecko) Chrome/121.0.0.0 Safari/537.36" "-"
192.0.82.55 - - [20/Feb/2024:01:44:33 +0800] "HEAD / HTTP/1.1" 200 0 "-" "jetmon/1.0 (Jetpack Site Uptime Monitor by WordPress.com)" "-"
47.128.208.92 - - [20/Feb/2024:01:44:48 +0800] "POST /wp-cron.php?doing_wp_cron=1708364688.7432920932769775390625 HTTP/1.1" 200 11 "-" "WordPress/6.4.3; https://amici.com.sg" "-"
118.201.224.174 - - [20/Feb/2024:01:44:48 +0800] "POST /wp-admin/admin-ajax.php HTTP/2.0" 200 52 "https://amici.com.sg/wp-admin/post.php?post=2618&action=edit" "Mozilla/5.0 (Windows NT 10.0; Win64; x64) AppleWebKit/537.36 (KHTML, like Gecko) Chrome/121.0.0.0 Safari/537.36" "-"
118.201.224.174 - - [20/Feb/2024:01:45:04 +0800] "POST /wp-admin/admin-ajax.php HTTP/2.0" 200 52 "https://amici.com.sg/wp-admin/post.php?post=2618&action=edit" "Mozilla/5.0 (Windows NT 10.0; Win64; x64) AppleWebKit/537.36 (KHTML, like Gecko) Chrome/121.0.0.0 Safari/537.36" "-"
47.128.16.54 - - [20/Feb/2024:01:45:05 +0800] "GET /Local%20Street%20Delight%20Buffet?limit=50&order=DESC&page=3&sort=pd.name HTTP/2.0" 404 189686 "-" "Mozilla/5.0 (Linux; Android 5.0) AppleWebKit/537.36 (KHTML, like Gecko) Mobile Safari/537.36 (compatible; Bytespider; spider-feedback@bytedance.com)" "-"
47.128.208.92 - - [20/Feb/2024:01:45:31 +0800] "POST /wp-cron.php?doing_wp_cron=1708364731.2992229461669921875000 HTTP/1.1" 200 11 "-" "WordPress/6.4.3; https://amici.com.sg" "-"
20.197.112.230 - - [20/Feb/2024:01:45:32 +0800] "GET /oriental-set HTTP/1.1" 404 399039 "-" "Mozilla/5.0 (Windows NT 10.0; Win64; x64) AppleWebKit/537.36 (KHTML, like Gecko) Chrome/117.0.0.0 Safari/537.36 Edg/117.0.2045.36" "-"
47.128.208.92 - - [20/Feb/2024:01:45:37 +0800] "POST /wp-cron.php?doing_wp_cron=1708364737.8993840217590332031250 HTTP/1.1" 200 11 "-" "WordPress/6.4.3; https://amici.com.sg" "-"
47.128.115.228 - - [20/Feb/2024:01:45:40 +0800] "GET /bloominglove?limit=12&order=ASC&page=11&sort=p.price HTTP/2.0" 404 189669 "-" "Mozilla/5.0 (Linux; Android 5.0) AppleWebKit/537.36 (KHTML, like Gecko) Mobile Safari/537.36 (compatible; Bytespider; spider-feedback@bytedance.com)" "-"
47.128.208.92 - - [20/Feb/2024:01:46:09 +0800] "POST /wp-cron.php?doing_wp_cron=1708364769.8084199428558349609375 HTTP/1.1" 200 11 "-" "WordPress/6.4.3; https://amici.com.sg" "-"
47.128.96.165 - - [20/Feb/2024:01:46:10 +0800] "GET /AuspiciousFattChoyYuSheng?order=DESC&page=10&sort=p.model HTTP/2.0" 404 189678 "-" "Mozilla/5.0 (Linux; Android 5.0) AppleWebKit/537.36 (KHTML, like Gecko) Mobile Safari/537.36 (compatible; Bytespider; spider-feedback@bytedance.com)" "-"
47.128.208.92 - - [20/Feb/2024:01:47:05 +0800] "POST /wp-cron.php?doing_wp_cron=1708364825.7561509609222412109375 HTTP/1.1" 200 11 "-" "WordPress/6.4.3; https://amici.com.sg" "-"
118.201.224.174 - - [20/Feb/2024:01:47:05 +0800] "POST /wp-admin/admin-ajax.php HTTP/2.0" 200 52 "https://amici.com.sg/wp-admin/post.php?post=2618&action=edit" "Mozilla/5.0 (Windows NT 10.0; Win64; x64) AppleWebKit/537.36 (KHTML, like Gecko) Chrome/121.0.0.0 Safari/537.36" "-"
47.128.208.92 - - [20/Feb/2024:01:48:19 +0800] "POST /wp-cron.php?doing_wp_cron=1708364899.5640439987182617187500 HTTP/1.1" 200 11 "-" "WordPress/6.4.3; https://amici.com.sg" "-"
207.46.13.125 - - [20/Feb/2024:01:48:19 +0800] "GET /?option=com_content&view=article&id=20%3Ababy-shower&catid=14%3Ababy-shower&Itemid=109 HTTP/2.0" 301 0 "-" "Mozilla/5.0 AppleWebKit/537.36 (KHTML, like Gecko; compatible; bingbot/2.0; +http://www.bing.com/bingbot.htm) Chrome/116.0.1938.76 Safari/537.36" "-"
114.119.158.133 - - [20/Feb/2024:01:48:47 +0800] "GET /gcyz/oFriXV-3d-Printing-Material-Manufacturers-Suppliers-Direct-Quotes47Pricelist-45-Custom--tianseoffice-15134915.html HTTP/1.1" 301 162 "http://www.amici.com.sg/gcyz/TVtHy-Hp-Ink-Cartridges-Mauritius-Suppliers-Direct-Quotes47Pricelist-45-Custom-OEM-Hp-Ink-Car-tianseoffice-15135593.html" "Mozilla/5.0 (Linux; Android 7.0;) AppleWebKit/537.36 (KHTML, like Gecko) Mobile Safari/537.36 (compatible; PetalBot;+https://webmaster.petalsearch.com/site/petalbot)" "10.179.80.54"
47.128.208.92 - - [20/Feb/2024:01:48:49 +0800] "POST /wp-cron.php?doing_wp_cron=1708364929.0409688949584960937500 HTTP/1.1" 200 11 "-" "WordPress/6.4.3; https://amici.com.sg" "-"
114.119.158.133 - - [20/Feb/2024:01:48:49 +0800] "GET /gcyz/oFriXV-3d-Printing-Material-Manufacturers-Suppliers-Direct-Quotes47Pricelist-45-Custom--tianseoffice-15134915.html HTTP/1.1" 301 5 "http://www.amici.com.sg/gcyz/TVtHy-Hp-Ink-Cartridges-Mauritius-Suppliers-Direct-Quotes47Pricelist-45-Custom-OEM-Hp-Ink-Car-tianseoffice-15135593.html" "Mozilla/5.0 (Linux; Android 7.0;) AppleWebKit/537.36 (KHTML, like Gecko) Mobile Safari/537.36 (compatible; PetalBot;+https://webmaster.petalsearch.com/site/petalbot)" "-"
114.119.158.133 - - [20/Feb/2024:01:49:00 +0800] "GET /gcyz/oFriXV-3d-Printing-Material-Manufacturers-Suppliers-Direct-Quotes47Pricelist-45-Custom--tianseoffice-15134915.html HTTP/1.1" 404 190101 "http://www.amici.com.sg/gcyz/TVtHy-Hp-Ink-Cartridges-Mauritius-Suppliers-Direct-Quotes47Pricelist-45-Custom-OEM-Hp-Ink-Car-tianseoffice-15135593.html" "Mozilla/5.0 (Linux; Android 7.0;) AppleWebKit/537.36 (KHTML, like Gecko) Mobile Safari/537.36 (compatible; PetalBot;+https://webmaster.petalsearch.com/site/petalbot)" "-"
118.201.224.174 - - [20/Feb/2024:01:49:06 +0800] "POST /wp-admin/admin-ajax.php HTTP/2.0" 200 52 "https://amici.com.sg/wp-admin/post.php?post=2618&action=edit" "Mozilla/5.0 (Windows NT 10.0; Win64; x64) AppleWebKit/537.36 (KHTML, like Gecko) Chrome/121.0.0.0 Safari/537.36" "-"
192.0.82.55 - - [20/Feb/2024:01:49:33 +0800] "HEAD / HTTP/1.1" 200 0 "-" "jetmon/1.0 (Jetpack Site Uptime Monitor by WordPress.com)" "-"
47.128.208.92 - - [20/Feb/2024:01:50:06 +0800] "POST /wp-cron.php?doing_wp_cron=1708365006.1696639060974121093750 HTTP/1.1" 200 11 "-" "WordPress/6.4.3; https://amici.com.sg" "-"
114.119.152.231 - - [20/Feb/2024:01:50:06 +0800] "GET /STremdeption?manufacturer_id&page=3&limit=50 HTTP/1.1" 404 189918 "https://amici.com.sg/index.php?route=product/manufacturer/info&manufacturer_id=1&limit=50&page=3" "Mozilla/5.0 (Linux; Android 7.0;) AppleWebKit/537.36 (KHTML, like Gecko) Mobile Safari/537.36 (compatible; PetalBot;+https://webmaster.petalsearch.com/site/petalbot)" "-"
114.119.143.151 - - [20/Feb/2024:01:51:03 +0800] "GET /quintessence/DaiJa-AMMO-munitions-Mig45601038nbsp59Front-de-l-podiumstylistes-17504855.html HTTP/1.1" 301 162 "http://www.amici.com.sg/quintessence/KFUqIJ-Yu45Gi45Oh4638nbsp5938ndash5938nbsp59Symboles-de-Duty-40Sdws45en0294138nbsp5938ndash5938nbsp59Structure-Deck-G-podiumstylistes-17475053.html" "Mozilla/5.0 (Linux; Android 7.0;) AppleWebKit/537.36 (KHTML, like Gecko) Mobile Safari/537.36 (compatible; PetalBot;+https://webmaster.petalsearch.com/site/petalbot)" "10.179.80.77"
47.128.208.92 - - [20/Feb/2024:01:51:03 +0800] "POST /wp-cron.php?doing_wp_cron=1708365063.5209009647369384765625 HTTP/1.1" 200 11 "-" "WordPress/6.4.3; https://amici.com.sg" "-"
114.119.143.151 - - [20/Feb/2024:01:51:03 +0800] "GET /quintessence/DaiJa-AMMO-munitions-Mig45601038nbsp59Front-de-l-podiumstylistes-17504855.html HTTP/1.1" 301 5 "http://www.amici.com.sg/quintessence/KFUqIJ-Yu45Gi45Oh4638nbsp5938ndash5938nbsp59Symboles-de-Duty-40Sdws45en0294138nbsp5938ndash5938nbsp59Structure-Deck-G-podiumstylistes-17475053.html" "Mozilla/5.0 (Linux; Android 7.0;) AppleWebKit/537.36 (KHTML, like Gecko) Mobile Safari/537.36 (compatible; PetalBot;+https://webmaster.petalsearch.com/site/petalbot)" "-"
114.119.143.151 - - [20/Feb/2024:01:51:04 +0800] "GET /quintessence/DaiJa-AMMO-munitions-Mig45601038nbsp59Front-de-l-podiumstylistes-17504855.html HTTP/1.1" 404 189990 "http://www.amici.com.sg/quintessence/KFUqIJ-Yu45Gi45Oh4638nbsp5938ndash5938nbsp59Symboles-de-Duty-40Sdws45en0294138nbsp5938ndash5938nbsp59Structure-Deck-G-podiumstylistes-17475053.html" "Mozilla/5.0 (Linux; Android 7.0;) AppleWebKit/537.36 (KHTML, like Gecko) Mobile Safari/537.36 (compatible; PetalBot;+https://webmaster.petalsearch.com/site/petalbot)" "-"
118.201.224.174 - - [20/Feb/2024:01:51:07 +0800] "POST /wp-admin/admin-ajax.php HTTP/2.0" 200 52 "https://amici.com.sg/wp-admin/post.php?post=2618&action=edit" "Mozilla/5.0 (Windows NT 10.0; Win64; x64) AppleWebKit/537.36 (KHTML, like Gecko) Chrome/121.0.0.0 Safari/537.36" "-"
17.22.253.29 - - [20/Feb/2024:01:51:12 +0800] "POST /wp-json/cleantalk-antispam/v1/apbct_get_pixel_url HTTP/1.1" 200 109 "https://amici.com.sg/" "Mozilla/5.0 (Macintosh; Intel Mac OS X 10_15_5) AppleWebKit/605.1.15 (KHTML, like Gecko) Version/13.1.1 Safari/605.1.15 (Applebot/0.1; +http://www.apple.com/go/applebot)" "-"
17.22.237.99 - - [20/Feb/2024:01:51:13 +0800] "POST /?wc-ajax=get_refreshed_fragments HTTP/1.1" 200 641 "https://amici.com.sg/" "Mozilla/5.0 (Macintosh; Intel Mac OS X 10_15_5) AppleWebKit/605.1.15 (KHTML, like Gecko) Version/13.1.1 Safari/605.1.15 (Applebot/0.1; +http://www.apple.com/go/applebot)" "-"
47.128.208.92 - - [20/Feb/2024:01:52:01 +0800] "POST /wp-cron.php?doing_wp_cron=1708365121.2742590904235839843750 HTTP/1.1" 200 11 "-" "WordPress/6.4.3; https://amici.com.sg" "-"
65.109.158.119 - - [20/Feb/2024:01:52:02 +0800] "GET /my-account/ HTTP/1.1" 200 194930 "-" "Mozilla/5.0 (Macintosh; Intel Mac OS X 10_15_7) AppleWebKit/537.36 (KHTML, like Gecko) Chrome/104.0.0.0 Safari/537.36" "-"
65.109.158.119 - - [20/Feb/2024:01:52:05 +0800] "GET /product/high-tea-reception/ HTTP/1.1" 200 220606 "-" "Mozilla/5.0 (Macintosh; Intel Mac OS X 10_15_7) AppleWebKit/537.36 (KHTML, like Gecko) Chrome/104.0.0.0 Safari/537.36" "-"
65.109.158.119 - - [20/Feb/2024:01:52:08 +0800] "GET /product/bespoke-wedding-kids-fine-dining/ HTTP/1.1" 200 212490 "-" "Mozilla/5.0 (Macintosh; Intel Mac OS X 10_15_7) AppleWebKit/537.36 (KHTML, like Gecko) Chrome/104.0.0.0 Safari/537.36" "-"
65.109.158.119 - - [20/Feb/2024:01:52:11 +0800] "GET /product/bespoke-wedding-western-fine-dining/ HTTP/1.1" 200 212582 "-" "Mozilla/5.0 (Macintosh; Intel Mac OS X 10_15_7) AppleWebKit/537.36 (KHTML, like Gecko) Chrome/104.0.0.0 Safari/537.36" "-"
65.109.158.119 - - [20/Feb/2024:01:52:14 +0800] "GET /product-category/fine-dining/?ucterms=product_cat~fine-dining HTTP/1.1" 200 198583 "-" "Mozilla/5.0 (Macintosh; Intel Mac OS X 10_15_7) AppleWebKit/537.36 (KHTML, like Gecko) Chrome/104.0.0.0 Safari/537.36" "-"
65.109.158.119 - - [20/Feb/2024:01:52:18 +0800] "GET /product-category/baby-shower/ HTTP/1.1" 200 203775 "-" "Mozilla/5.0 (Macintosh; Intel Mac OS X 10_15_7) AppleWebKit/537.36 (KHTML, like Gecko) Chrome/104.0.0.0 Safari/537.36" "-"
65.109.158.119 - - [20/Feb/2024:01:52:21 +0800] "GET /product/international-seminar/ HTTP/1.1" 200 223382 "-" "Mozilla/5.0 (Macintosh; Intel Mac OS X 10_15_7) AppleWebKit/537.36 (KHTML, like Gecko) Chrome/104.0.0.0 Safari/537.36" "-"
47.128.208.92 - - [20/Feb/2024:01:53:08 +0800] "POST /wp-cron.php?doing_wp_cron=1708365188.7525849342346191406250 HTTP/1.1" 200 11 "-" "WordPress/6.4.3; https://amici.com.sg" "-"
118.201.224.174 - - [20/Feb/2024:01:53:08 +0800] "POST /wp-admin/admin-ajax.php HTTP/2.0" 200 52 "https://amici.com.sg/wp-admin/post.php?post=2618&action=edit" "Mozilla/5.0 (Windows NT 10.0; Win64; x64) AppleWebKit/537.36 (KHTML, like Gecko) Chrome/121.0.0.0 Safari/537.36" "-"
47.128.208.92 - - [20/Feb/2024:01:54:30 +0800] "POST /wp-cron.php?doing_wp_cron=1708365270.8822679519653320312500 HTTP/1.1" 200 11 "-" "WordPress/6.4.3; https://amici.com.sg" "-"
192.0.82.55 - - [20/Feb/2024:01:54:30 +0800] "HEAD / HTTP/1.1" 200 0 "-" "jetmon/1.0 (Jetpack Site Uptime Monitor by WordPress.com)" "-"
47.128.208.92 - - [20/Feb/2024:01:55:09 +0800] "POST /wp-cron.php?doing_wp_cron=1708365309.7623889446258544921875 HTTP/1.1" 200 11 "-" "WordPress/6.4.3; https://amici.com.sg" "-"
118.201.224.174 - - [20/Feb/2024:01:55:09 +0800] "POST /wp-admin/admin-ajax.php HTTP/2.0" 200 52 "https://amici.com.sg/wp-admin/post.php?post=2618&action=edit" "Mozilla/5.0 (Windows NT 10.0; Win64; x64) AppleWebKit/537.36 (KHTML, like Gecko) Chrome/121.0.0.0 Safari/537.36" "-"
47.128.208.92 - - [20/Feb/2024:01:55:26 +0800] "POST /wp-cron.php?doing_wp_cron=1708365326.2722640037536621093750 HTTP/1.1" 200 11 "-" "WordPress/6.4.3; https://amici.com.sg" "-"
118.201.224.174 - - [20/Feb/2024:01:55:26 +0800] "POST /wp-admin/admin-ajax.php HTTP/2.0" 200 52 "https://amici.com.sg/wp-admin/post.php?post=2618&action=edit" "Mozilla/5.0 (Windows NT 10.0; Win64; x64) AppleWebKit/537.36 (KHTML, like Gecko) Chrome/121.0.0.0 Safari/537.36" "-"
118.201.224.174 - - [20/Feb/2024:01:55:41 +0800] "POST /wp-admin/admin-ajax.php HTTP/2.0" 200 52 "https://amici.com.sg/wp-admin/post.php?post=2618&action=edit" "Mozilla/5.0 (Windows NT 10.0; Win64; x64) AppleWebKit/537.36 (KHTML, like Gecko) Chrome/121.0.0.0 Safari/537.36" "-"
47.128.208.92 - - [20/Feb/2024:01:57:02 +0800] "POST /wp-cron.php?doing_wp_cron=1708365422.5801370143890380859375 HTTP/1.1" 200 11 "-" "WordPress/6.4.3; https://amici.com.sg" "-"
207.46.13.128 - - [20/Feb/2024:01:57:03 +0800] "GET /menu-tag/dessert-buffet-table/ HTTP/2.0" 404 189825 "-" "Mozilla/5.0 AppleWebKit/537.36 (KHTML, like Gecko; compatible; bingbot/2.0; +http://www.bing.com/bingbot.htm) Chrome/116.0.1938.76 Safari/537.36" "-"
47.128.208.92 - - [20/Feb/2024:01:57:39 +0800] "POST /wp-cron.php?doing_wp_cron=1708365459.6565489768981933593750 HTTP/1.1" 200 11 "-" "WordPress/6.4.3; https://amici.com.sg" "-"
17.241.219.185 - - [20/Feb/2024:01:57:39 +0800] "GET /baby-shower/oriental-baby-shower HTTP/1.1" 301 5 "-" "Mozilla/5.0 (Macintosh; Intel Mac OS X 10_15_5) AppleWebKit/605.1.15 (KHTML, like Gecko) Version/13.1.1 Safari/605.1.15 (Applebot/0.1; +http://www.apple.com/go/applebot)" "-"
17.241.219.185 - - [20/Feb/2024:01:57:41 +0800] "GET /product/oriental-baby-shower/ HTTP/1.1" 200 210342 "-" "Mozilla/5.0 (Macintosh; Intel Mac OS X 10_15_5) AppleWebKit/605.1.15 (KHTML, like Gecko) Version/13.1.1 Safari/605.1.15 (Applebot/0.1; +http://www.apple.com/go/applebot)" "-"
118.201.224.174 - - [20/Feb/2024:01:57:42 +0800] "POST /wp-admin/admin-ajax.php HTTP/2.0" 200 52 "https://amici.com.sg/wp-admin/post.php?post=2618&action=edit" "Mozilla/5.0 (Windows NT 10.0; Win64; x64) AppleWebKit/537.36 (KHTML, like Gecko) Chrome/121.0.0.0 Safari/537.36" "-"
47.128.208.92 - - [20/Feb/2024:01:58:04 +0800] "POST /wp-cron.php?doing_wp_cron=1708365484.4373130798339843750000 HTTP/1.1" 200 11 "-" "WordPress/6.4.3; https://amici.com.sg" "-"
17.241.227.253 - - [20/Feb/2024:01:58:04 +0800] "POST /?wc-ajax=get_refreshed_fragments HTTP/1.1" 200 641 "https://amici.com.sg/?route=information%2Finformation&information_id=4" "Mozilla/5.0 (Macintosh; Intel Mac OS X 10_15_5) AppleWebKit/605.1.15 (KHTML, like Gecko) Version/13.1.1 Safari/605.1.15 (Applebot/0.1; +http://www.apple.com/go/applebot)" "-"
207.46.13.128 - - [20/Feb/2024:01:58:10 +0800] "GET /menu/cheese-platter HTTP/2.0" 301 0 "-" "Mozilla/5.0 AppleWebKit/537.36 (KHTML, like Gecko; compatible; bingbot/2.0; +http://www.bing.com/bingbot.htm) Chrome/116.0.1938.76 Safari/537.36" "-"
207.46.13.128 - - [20/Feb/2024:01:58:13 +0800] "GET /product/cheese-platter/ HTTP/2.0" 200 212837 "-" "Mozilla/5.0 AppleWebKit/537.36 (KHTML, like Gecko; compatible; bingbot/2.0; +http://www.bing.com/bingbot.htm) Chrome/116.0.1938.76 Safari/537.36" "-"
47.128.208.92 - - [20/Feb/2024:01:58:41 +0800] "POST /wp-cron.php?doing_wp_cron=1708365521.0308361053466796875000 HTTP/1.1" 200 11 "-" "WordPress/6.4.3; https://amici.com.sg" "-"
207.46.13.128 - - [20/Feb/2024:01:58:41 +0800] "GET /orders/?outlet=1&f_type=delivery&postal_date=2022-07-25&postal_time=now HTTP/2.0" 500 2726 "-" "Mozilla/5.0 AppleWebKit/537.36 (KHTML, like Gecko; compatible; bingbot/2.0; +http://www.bing.com/bingbot.htm) Chrome/116.0.1938.76 Safari/537.36" "-"
47.128.208.92 - - [20/Feb/2024:01:59:31 +0800] "POST /wp-cron.php?doing_wp_cron=1708365571.6077620983123779296875 HTTP/1.1" 200 11 "-" "WordPress/6.4.3; https://amici.com.sg" "-"
192.0.82.55 - - [20/Feb/2024:01:59:31 +0800] "HEAD / HTTP/1.1" 200 0 "-" "jetmon/1.0 (Jetpack Site Uptime Monitor by WordPress.com)" "-"
40.77.167.77 - - [20/Feb/2024:01:59:43 +0800] "GET /wp/wp-content/uploads/2017/03/logo.png HTTP/1.1" 301 162 "-" "Mozilla/5.0 AppleWebKit/537.36 (KHTML, like Gecko; compatible; bingbot/2.0; +http://www.bing.com/bingbot.htm) Chrome/116.0.1938.76 Safari/537.36" "-"
47.128.208.92 - - [20/Feb/2024:01:59:43 +0800] "POST /wp-cron.php?doing_wp_cron=1708365583.8659648895263671875000 HTTP/1.1" 200 11 "-" "WordPress/6.4.3; https://amici.com.sg" "-"
157.55.39.58 - - [20/Feb/2024:01:59:43 +0800] "GET /orders/?outlet=1&f_type=delivery&postal_date=2022-05-05&postal_time=now HTTP/2.0" 500 2726 "-" "Mozilla/5.0 AppleWebKit/537.36 (KHTML, like Gecko; compatible; bingbot/2.0; +http://www.bing.com/bingbot.htm) Chrome/116.0.1938.76 Safari/537.36" "-"
47.128.208.92 - - [20/Feb/2024:01:59:46 +0800] "POST /wp-cron.php?doing_wp_cron=1708365586.6328809261322021484375 HTTP/1.1" 200 11 "-" "WordPress/6.4.3; https://amici.com.sg" "-"
118.201.224.174 - - [20/Feb/2024:01:59:46 +0800] "POST /wp-admin/admin-ajax.php HTTP/2.0" 200 52 "https://amici.com.sg/wp-admin/post.php?post=2618&action=edit" "Mozilla/5.0 (Windows NT 10.0; Win64; x64) AppleWebKit/537.36 (KHTML, like Gecko) Chrome/121.0.0.0 Safari/537.36" "-"
47.128.208.92 - - [20/Feb/2024:02:01:28 +0800] "POST /wp-cron.php?doing_wp_cron=1708365688.6687860488891601562500 HTTP/1.1" 200 11 "-" "WordPress/6.4.3; https://amici.com.sg" "-"
17.22.245.250 - - [20/Feb/2024:02:01:28 +0800] "POST /?wc-ajax=get_refreshed_fragments HTTP/1.1" 200 641 "https://amici.com.sg/" "Mozilla/5.0 (Macintosh; Intel Mac OS X 10_15_5) AppleWebKit/605.1.15 (KHTML, like Gecko) Version/13.1.1 Safari/605.1.15 (Applebot/0.1; +http://www.apple.com/go/applebot)" "-"
118.201.224.174 - - [20/Feb/2024:02:01:44 +0800] "POST /wp-admin/admin-ajax.php HTTP/2.0" 200 52 "https://amici.com.sg/wp-admin/post.php?post=2618&action=edit" "Mozilla/5.0 (Windows NT 10.0; Win64; x64) AppleWebKit/537.36 (KHTML, like Gecko) Chrome/121.0.0.0 Safari/537.36" "-"
47.128.208.92 - - [20/Feb/2024:02:02:24 +0800] "POST /wp-cron.php?doing_wp_cron=1708365744.6167130470275878906250 HTTP/1.1" 200 11 "-" "WordPress/6.4.3; https://amici.com.sg" "-"
40.77.167.70 - - [20/Feb/2024:02:02:24 +0800] "GET /menu/high-tea-reception HTTP/2.0" 301 0 "-" "Mozilla/5.0 AppleWebKit/537.36 (KHTML, like Gecko; compatible; bingbot/2.0; +http://www.bing.com/bingbot.htm) Chrome/116.0.1938.76 Safari/537.36" "-"
47.128.208.92 - - [20/Feb/2024:02:02:48 +0800] "POST /wp-cron.php?doing_wp_cron=1708365768.9160881042480468750000 HTTP/1.1" 200 11 "-" "WordPress/6.4.3; https://amici.com.sg" "-"
17.246.23.107 - - [20/Feb/2024:02:02:48 +0800] "POST /?wc-ajax=get_refreshed_fragments HTTP/1.1" 200 641 "https://amici.com.sg/product/oriental-baby-shower/" "Mozilla/5.0 (Macintosh; Intel Mac OS X 10_15_5) AppleWebKit/605.1.15 (KHTML, like Gecko) Version/13.1.1 Safari/605.1.15 (Applebot/0.1; +http://www.apple.com/go/applebot)" "-"
118.201.224.174 - - [20/Feb/2024:02:03:00 +0800] "POST /wp-admin/admin-ajax.php HTTP/2.0" 200 52 "https://amici.com.sg/wp-admin/post.php?post=2618&action=edit" "Mozilla/5.0 (Windows NT 10.0; Win64; x64) AppleWebKit/537.36 (KHTML, like Gecko) Chrome/121.0.0.0 Safari/537.36" "-"
47.128.208.92 - - [20/Feb/2024:02:03:15 +0800] "POST /wp-cron.php?doing_wp_cron=1708365795.7166380882263183593750 HTTP/1.1" 200 11 "-" "WordPress/6.4.3; https://amici.com.sg" "-"
118.201.224.174 - - [20/Feb/2024:02:03:15 +0800] "POST /wp-admin/admin-ajax.php HTTP/2.0" 200 52 "https://amici.com.sg/wp-admin/post.php?post=2618&action=edit" "Mozilla/5.0 (Windows NT 10.0; Win64; x64) AppleWebKit/537.36 (KHTML, like Gecko) Chrome/121.0.0.0 Safari/537.36" "-"
47.128.208.92 - - [20/Feb/2024:02:03:30 +0800] "POST /wp-cron.php?doing_wp_cron=1708365810.7249119281768798828125 HTTP/1.1" 200 11 "-" "WordPress/6.4.3; https://amici.com.sg" "-"
118.201.224.174 - - [20/Feb/2024:02:03:30 +0800] "POST /wp-admin/admin-ajax.php HTTP/2.0" 200 52 "https://amici.com.sg/wp-admin/post.php?post=2618&action=edit" "Mozilla/5.0 (Windows NT 10.0; Win64; x64) AppleWebKit/537.36 (KHTML, like Gecko) Chrome/121.0.0.0 Safari/537.36" "-"
47.128.208.92 - - [20/Feb/2024:02:03:46 +0800] "POST /wp-cron.php?doing_wp_cron=1708365826.7138459682464599609375 HTTP/1.1" 200 11 "-" "WordPress/6.4.3; https://amici.com.sg" "-"
118.201.224.174 - - [20/Feb/2024:02:03:46 +0800] "POST /wp-admin/admin-ajax.php HTTP/2.0" 200 52 "https://amici.com.sg/wp-admin/post.php?post=2618&action=edit" "Mozilla/5.0 (Windows NT 10.0; Win64; x64) AppleWebKit/537.36 (KHTML, like Gecko) Chrome/121.0.0.0 Safari/537.36" "-"
192.0.82.55 - - [20/Feb/2024:02:04:30 +0800] "HEAD / HTTP/1.1" 200 0 "-" "jetmon/1.0 (Jetpack Site Uptime Monitor by WordPress.com)" "-"
47.128.208.92 - - [20/Feb/2024:02:05:47 +0800] "POST /wp-cron.php?doing_wp_cron=1708365947.7406210899353027343750 HTTP/1.1" 200 11 "-" "WordPress/6.4.3; https://amici.com.sg" "-"
118.201.224.174 - - [20/Feb/2024:02:05:47 +0800] "POST /wp-admin/admin-ajax.php HTTP/2.0" 200 52 "https://amici.com.sg/wp-admin/post.php?post=2618&action=edit" "Mozilla/5.0 (Windows NT 10.0; Win64; x64) AppleWebKit/537.36 (KHTML, like Gecko) Chrome/121.0.0.0 Safari/537.36" "-"
118.201.224.174 - - [20/Feb/2024:02:06:07 +0800] "POST /wp-admin/admin-ajax.php HTTP/2.0" 200 52 "https://amici.com.sg/wp-admin/post.php?post=2618&action=edit" "Mozilla/5.0 (Windows NT 10.0; Win64; x64) AppleWebKit/537.36 (KHTML, like Gecko) Chrome/121.0.0.0 Safari/537.36" "-"
118.201.224.174 - - [20/Feb/2024:02:06:22 +0800] "POST /wp-admin/admin-ajax.php HTTP/2.0" 200 52 "https://amici.com.sg/wp-admin/post.php?post=2618&action=edit" "Mozilla/5.0 (Windows NT 10.0; Win64; x64) AppleWebKit/537.36 (KHTML, like Gecko) Chrome/121.0.0.0 Safari/537.36" "-"
47.128.208.92 - - [20/Feb/2024:02:07:49 +0800] "POST /wp-cron.php?doing_wp_cron=1708366069.9062581062316894531250 HTTP/1.1" 200 11 "-" "WordPress/6.4.3; https://amici.com.sg" "-"
85.208.96.200 - - [20/Feb/2024:02:07:49 +0800] "GET /robots.txt HTTP/1.1" 301 5 "-" "Mozilla/5.0 (compatible; SemrushBot/7~bl; +http://www.semrush.com/bot.html)" "-"
185.191.171.4 - - [20/Feb/2024:02:07:51 +0800] "GET /robots.txt HTTP/1.1" 200 124 "-" "Mozilla/5.0 (compatible; SemrushBot/7~bl; +http://www.semrush.com/bot.html)" "-"
185.191.171.15 - - [20/Feb/2024:02:07:53 +0800] "GET /CanapesNationalDaySpecial HTTP/1.1" 301 5 "-" "Mozilla/5.0 (compatible; SemrushBot/7~bl; +http://www.semrush.com/bot.html)" "-"
85.208.96.203 - - [20/Feb/2024:02:07:54 +0800] "GET /robots.txt HTTP/1.1" 200 124 "-" "Mozilla/5.0 (compatible; SemrushBot/7~bl; +http://www.semrush.com/bot.html)" "-"
85.208.96.196 - - [20/Feb/2024:02:07:56 +0800] "GET /CanapesNationalDaySpecial HTTP/1.1" 404 189741 "-" "Mozilla/5.0 (compatible; SemrushBot/7~bl; +http://www.semrush.com/bot.html)" "-"
47.128.208.92 - - [20/Feb/2024:02:08:23 +0800] "POST /wp-cron.php?doing_wp_cron=1708366103.7148690223693847656250 HTTP/1.1" 200 11 "-" "WordPress/6.4.3; https://amici.com.sg" "-"
118.201.224.174 - - [20/Feb/2024:02:08:23 +0800] "POST /wp-admin/admin-ajax.php HTTP/2.0" 200 52 "https://amici.com.sg/wp-admin/post.php?post=2618&action=edit" "Mozilla/5.0 (Windows NT 10.0; Win64; x64) AppleWebKit/537.36 (KHTML, like Gecko) Chrome/121.0.0.0 Safari/537.36" "-"
47.128.208.92 - - [20/Feb/2024:02:09:31 +0800] "POST /wp-cron.php?doing_wp_cron=1708366171.2967560291290283203125 HTTP/1.1" 200 11 "-" "WordPress/6.4.3; https://amici.com.sg" "-"
192.0.82.55 - - [20/Feb/2024:02:09:31 +0800] "HEAD / HTTP/1.1" 200 0 "-" "jetmon/1.0 (Jetpack Site Uptime Monitor by WordPress.com)" "-"
47.128.208.92 - - [20/Feb/2024:02:10:24 +0800] "POST /wp-cron.php?doing_wp_cron=1708366224.7109899520874023437500 HTTP/1.1" 200 11 "-" "WordPress/6.4.3; https://amici.com.sg" "-"
118.201.224.174 - - [20/Feb/2024:02:10:24 +0800] "POST /wp-admin/admin-ajax.php HTTP/2.0" 200 52 "https://amici.com.sg/wp-admin/post.php?post=2618&action=edit" "Mozilla/5.0 (Windows NT 10.0; Win64; x64) AppleWebKit/537.36 (KHTML, like Gecko) Chrome/121.0.0.0 Safari/537.36" "-"
47.128.208.92 - - [20/Feb/2024:02:12:14 +0800] "POST /wp-cron.php?doing_wp_cron=1708366334.4852271080017089843750 HTTP/1.1" 200 11 "-" "WordPress/6.4.3; https://amici.com.sg" "-"
157.55.39.12 - - [20/Feb/2024:02:12:15 +0800] "GET /CNYCanapes-8?manufacturer_id=1 HTTP/2.0" 404 189650 "-" "Mozilla/5.0 AppleWebKit/537.36 (KHTML, like Gecko; compatible; bingbot/2.0; +http://www.bing.com/bingbot.htm) Chrome/116.0.1938.76 Safari/537.36" "-"
68.178.145.137 - - [20/Feb/2024:02:12:23 +0800] "GET /wp-login.php HTTP/1.1" 301 162 "-" "Mozilla/5.0 (X11; Fedora; Linux x86_64; rv:94.0) Gecko/20100101 Firefox/95.0" "-"
68.178.145.137 - - [20/Feb/2024:02:12:24 +0800] "GET /wp-login.php HTTP/1.1" 200 4372 "http://www.amici.com.sg/wp-login.php" "Mozilla/5.0 (X11; Fedora; Linux x86_64; rv:94.0) Gecko/20100101 Firefox/95.0" "-"
118.201.224.174 - - [20/Feb/2024:02:12:25 +0800] "POST /wp-admin/admin-ajax.php HTTP/2.0" 200 52 "https://amici.com.sg/wp-admin/post.php?post=2618&action=edit" "Mozilla/5.0 (Windows NT 10.0; Win64; x64) AppleWebKit/537.36 (KHTML, like Gecko) Chrome/121.0.0.0 Safari/537.36" "-"
43.131.243.208 - - [20/Feb/2024:02:12:41 +0800] "GET / HTTP/1.1" 301 162 "-" "Mozilla/5.0 (iPhone; CPU iPhone OS 13_2_3 like Mac OS X) AppleWebKit/605.1.15 (KHTML, like Gecko) Version/13.0.3 Mobile/15E148 Safari/604.1" "-"
47.128.208.92 - - [20/Feb/2024:02:12:46 +0800] "POST /wp-cron.php?doing_wp_cron=1708366366.1515710353851318359375 HTTP/1.1" 200 11 "-" "WordPress/6.4.3; https://amici.com.sg" "-"
43.131.243.208 - - [20/Feb/2024:02:12:46 +0800] "GET / HTTP/1.1" 301 5 "http://www.amici.com.sg" "Mozilla/5.0 (iPhone; CPU iPhone OS 13_2_3 like Mac OS X) AppleWebKit/605.1.15 (KHTML, like Gecko) Version/13.0.3 Mobile/15E148 Safari/604.1" "-"
43.131.243.208 - - [20/Feb/2024:02:12:53 +0800] "GET / HTTP/1.1" 200 198553 "https://www.amici.com.sg/" "Mozilla/5.0 (iPhone; CPU iPhone OS 13_2_3 like Mac OS X) AppleWebKit/605.1.15 (KHTML, like Gecko) Version/13.0.3 Mobile/15E148 Safari/604.1" "-"
157.55.39.49 - - [20/Feb/2024:02:12:54 +0800] "GET /Malay-wedding HTTP/2.0" 301 0 "-" "Mozilla/5.0 AppleWebKit/537.36 (KHTML, like Gecko; compatible; bingbot/2.0; +http://www.bing.com/bingbot.htm) Chrome/116.0.1938.76 Safari/537.36" "-"
114.119.152.231 - - [20/Feb/2024:02:13:48 +0800] "GET /wwfmcfloxxtpmcjoxrsrynlcy/Symp-Reflex-Hammer-Reflex-Hammer-Reflex-Hammer-45-Sincerecare-I47E-Co46-Ltd46-nbsincerecare-6963274.html HTTP/1.1" 301 162 "http://www.amici.com.sg/wwfmcfloxxtpmcjoxrsrynlcy/RUdT-Scrub-Caps-Scrub-Overalls-Scrub-Dresses-45-Sincerecare-I47E-Co46-Ltd46-nbsincerecare-6963092.html" "Mozilla/5.0 (Linux; Android 7.0;) AppleWebKit/537.36 (KHTML, like Gecko) Mobile Safari/537.36 (compatible; PetalBot;+https://webmaster.petalsearch.com/site/petalbot)" "10.179.80.238"
47.128.208.92 - - [20/Feb/2024:02:13:49 +0800] "POST /wp-cron.php?doing_wp_cron=1708366429.0156009197235107421875 HTTP/1.1" 200 11 "-" "WordPress/6.4.3; https://amici.com.sg" "-"
114.119.152.231 - - [20/Feb/2024:02:13:49 +0800] "GET /wwfmcfloxxtpmcjoxrsrynlcy/Symp-Reflex-Hammer-Reflex-Hammer-Reflex-Hammer-45-Sincerecare-I47E-Co46-Ltd46-nbsincerecare-6963274.html HTTP/1.1" 301 5 "http://www.amici.com.sg/wwfmcfloxxtpmcjoxrsrynlcy/RUdT-Scrub-Caps-Scrub-Overalls-Scrub-Dresses-45-Sincerecare-I47E-Co46-Ltd46-nbsincerecare-6963092.html" "Mozilla/5.0 (Linux; Android 7.0;) AppleWebKit/537.36 (KHTML, like Gecko) Mobile Safari/537.36 (compatible; PetalBot;+https://webmaster.petalsearch.com/site/petalbot)" "-"
114.119.152.231 - - [20/Feb/2024:02:13:50 +0800] "GET /wwfmcfloxxtpmcjoxrsrynlcy/Symp-Reflex-Hammer-Reflex-Hammer-Reflex-Hammer-45-Sincerecare-I47E-Co46-Ltd46-nbsincerecare-6963274.html HTTP/1.1" 404 190040 "http://www.amici.com.sg/wwfmcfloxxtpmcjoxrsrynlcy/RUdT-Scrub-Caps-Scrub-Overalls-Scrub-Dresses-45-Sincerecare-I47E-Co46-Ltd46-nbsincerecare-6963092.html" "Mozilla/5.0 (Linux; Android 7.0;) AppleWebKit/537.36 (KHTML, like Gecko) Mobile Safari/537.36 (compatible; PetalBot;+https://webmaster.petalsearch.com/site/petalbot)" "-"
118.201.224.174 - - [20/Feb/2024:02:14:26 +0800] "POST /wp-admin/admin-ajax.php HTTP/2.0" 200 52 "https://amici.com.sg/wp-admin/post.php?post=2618&action=edit" "Mozilla/5.0 (Windows NT 10.0; Win64; x64) AppleWebKit/537.36 (KHTML, like Gecko) Chrome/121.0.0.0 Safari/537.36" "-"
192.0.82.55 - - [20/Feb/2024:02:14:32 +0800] "HEAD / HTTP/1.1" 200 0 "-" "jetmon/1.0 (Jetpack Site Uptime Monitor by WordPress.com)" "-"
114.119.153.138 - - [20/Feb/2024:02:14:54 +0800] "GET /gcyz/fhFZN-Filament-3d-Suppliers44-Manufacturers44-Factory44-Exporter-45-Custom-OEM-Filament-3d-Sanheng-tianseoffice-15136062.html HTTP/1.1" 301 162 "http://www.amici.com.sg/gcyz/YQQlyS-Cheap-Ink-Cartridges-Singapore-Suppliers44-Manufacturers44-Factory44-Exporter-45-Custom-OEM-Cheap-Ink-Cartridg-tianseoffice-15134757.html" "Mozilla/5.0 (Linux; Android 7.0;) AppleWebKit/537.36 (KHTML, like Gecko) Mobile Safari/537.36 (compatible; PetalBot;+https://webmaster.petalsearch.com/site/petalbot)" "10.179.80.65"
47.128.208.92 - - [20/Feb/2024:02:14:57 +0800] "POST /wp-cron.php?doing_wp_cron=1708366497.7154579162597656250000 HTTP/1.1" 200 11 "-" "WordPress/6.4.3; https://amici.com.sg" "-"
114.119.153.138 - - [20/Feb/2024:02:14:57 +0800] "GET /gcyz/fhFZN-Filament-3d-Suppliers44-Manufacturers44-Factory44-Exporter-45-Custom-OEM-Filament-3d-Sanheng-tianseoffice-15136062.html HTTP/1.1" 301 5 "http://www.amici.com.sg/gcyz/YQQlyS-Cheap-Ink-Cartridges-Singapore-Suppliers44-Manufacturers44-Factory44-Exporter-45-Custom-OEM-Cheap-Ink-Cartridg-tianseoffice-15134757.html" "Mozilla/5.0 (Linux; Android 7.0;) AppleWebKit/537.36 (KHTML, like Gecko) Mobile Safari/537.36 (compatible; PetalBot;+https://webmaster.petalsearch.com/site/petalbot)" "-"
114.119.153.138 - - [20/Feb/2024:02:14:59 +0800] "GET /gcyz/fhFZN-Filament-3d-Suppliers44-Manufacturers44-Factory44-Exporter-45-Custom-OEM-Filament-3d-Sanheng-tianseoffice-15136062.html HTTP/1.1" 404 190015 "http://www.amici.com.sg/gcyz/YQQlyS-Cheap-Ink-Cartridges-Singapore-Suppliers44-Manufacturers44-Factory44-Exporter-45-Custom-OEM-Cheap-Ink-Cartridg-tianseoffice-15134757.html" "Mozilla/5.0 (Linux; Android 7.0;) AppleWebKit/537.36 (KHTML, like Gecko) Mobile Safari/537.36 (compatible; PetalBot;+https://webmaster.petalsearch.com/site/petalbot)" "-"
114.119.152.231 - - [20/Feb/2024:02:15:56 +0800] "GET /afmomgkziyilotydaaqqecjkyprkm/zDcf-Latex-Gloves-Latex-Coated-Gloves-Latex-Coated-Working-Gloves-45-SUNCEND-SAFETY-PRODUCTS-CO46-LTD46-suncendsafety-5908482.html HTTP/1.1" 301 162 "http://www.amici.com.sg/afmomgkziyilotydaaqqecjkyprkm/JorZc-Direct-Premium-Grade-Yellow-Household-Latex-Gloves-45-SUNCEND-SAFETY-PRODUCTS-CO46-LTD46-suncendsafety-5906532.html" "Mozilla/5.0 (Linux; Android 7.0;) AppleWebKit/537.36 (KHTML, like Gecko) Mobile Safari/537.36 (compatible; PetalBot;+https://webmaster.petalsearch.com/site/petalbot)" "10.179.80.119"
47.128.208.92 - - [20/Feb/2024:02:15:56 +0800] "POST /wp-cron.php?doing_wp_cron=1708366556.8208310604095458984375 HTTP/1.1" 200 11 "-" "WordPress/6.4.3; https://amici.com.sg" "-"
114.119.152.231 - - [20/Feb/2024:02:15:56 +0800] "GET /afmomgkziyilotydaaqqecjkyprkm/zDcf-Latex-Gloves-Latex-Coated-Gloves-Latex-Coated-Working-Gloves-45-SUNCEND-SAFETY-PRODUCTS-CO46-LTD46-suncendsafety-5908482.html HTTP/1.1" 301 5 "http://www.amici.com.sg/afmomgkziyilotydaaqqecjkyprkm/JorZc-Direct-Premium-Grade-Yellow-Household-Latex-Gloves-45-SUNCEND-SAFETY-PRODUCTS-CO46-LTD46-suncendsafety-5906532.html" "Mozilla/5.0 (Linux; Android 7.0;) AppleWebKit/537.36 (KHTML, like Gecko) Mobile Safari/537.36 (compatible; PetalBot;+https://webmaster.petalsearch.com/site/petalbot)" "-"
114.119.152.231 - - [20/Feb/2024:02:15:57 +0800] "GET /afmomgkziyilotydaaqqecjkyprkm/zDcf-Latex-Gloves-Latex-Coated-Gloves-Latex-Coated-Working-Gloves-45-SUNCEND-SAFETY-PRODUCTS-CO46-LTD46-suncendsafety-5908482.html HTTP/1.1" 404 190109 "http://www.amici.com.sg/afmomgkziyilotydaaqqecjkyprkm/JorZc-Direct-Premium-Grade-Yellow-Household-Latex-Gloves-45-SUNCEND-SAFETY-PRODUCTS-CO46-LTD46-suncendsafety-5906532.html" "Mozilla/5.0 (Linux; Android 7.0;) AppleWebKit/537.36 (KHTML, like Gecko) Mobile Safari/537.36 (compatible; PetalBot;+https://webmaster.petalsearch.com/site/petalbot)" "-"
118.201.224.174 - - [20/Feb/2024:02:16:30 +0800] "POST /wp-admin/admin-ajax.php HTTP/2.0" 200 52 "https://amici.com.sg/wp-admin/post.php?post=2618&action=edit" "Mozilla/5.0 (Windows NT 10.0; Win64; x64) AppleWebKit/537.36 (KHTML, like Gecko) Chrome/121.0.0.0 Safari/537.36" "-"
183.136.225.45 - - [20/Feb/2024:02:17:10 +0800] "GET / HTTP/1.1" 200 485269 "-" "Mozilla/5.0 (Windows NT 6.1) AppleWebKit/537.36 (KHTML, like Gecko) Chrome/71.0.2623.112 Safari/537.36" "-"
114.119.153.138 - - [20/Feb/2024:02:17:19 +0800] "GET /RljhkkbwMCHTLR195Rgnt446670hdjr/QDl-Toy-Motors-With-Gears-45-Gold-quality-220v-240v-high-torque-low-rpm-ac-electric-motors-45-FENFA-fenfamotor-13330880.html HTTP/1.1" 301 162 "http://www.amici.com.sg/RljhkkbwMCHTLR195Rgnt446670hdjr/ewgvp-Generator-Speed-Controller-Esd5500e-45-High-quality-servo-motor-6v-24v-DC-corele-fenfamotor-13332861.html" "Mozilla/5.0 (Linux; Android 7.0;) AppleWebKit/537.36 (KHTML, like Gecko) Mobile Safari/537.36 (compatible; PetalBot;+https://webmaster.petalsearch.com/site/petalbot)" "10.179.80.71"
47.128.208.92 - - [20/Feb/2024:02:17:20 +0800] "POST /wp-cron.php?doing_wp_cron=1708366640.1824269294738769531250 HTTP/1.1" 200 11 "-" "WordPress/6.4.3; https://amici.com.sg" "-"
114.119.153.138 - - [20/Feb/2024:02:17:20 +0800] "GET /RljhkkbwMCHTLR195Rgnt446670hdjr/QDl-Toy-Motors-With-Gears-45-Gold-quality-220v-240v-high-torque-low-rpm-ac-electric-motors-45-FENFA-fenfamotor-13330880.html HTTP/1.1" 301 5 "http://www.amici.com.sg/RljhkkbwMCHTLR195Rgnt446670hdjr/ewgvp-Generator-Speed-Controller-Esd5500e-45-High-quality-servo-motor-6v-24v-DC-corele-fenfamotor-13332861.html" "Mozilla/5.0 (Linux; Android 7.0;) AppleWebKit/537.36 (KHTML, like Gecko) Mobile Safari/537.36 (compatible; PetalBot;+https://webmaster.petalsearch.com/site/petalbot)" "-"
114.119.153.138 - - [20/Feb/2024:02:17:21 +0800] "GET /RljhkkbwMCHTLR195Rgnt446670hdjr/QDl-Toy-Motors-With-Gears-45-Gold-quality-220v-240v-high-torque-low-rpm-ac-electric-motors-45-FENFA-fenfamotor-13330880.html HTTP/1.1" 404 190076 "http://www.amici.com.sg/RljhkkbwMCHTLR195Rgnt446670hdjr/ewgvp-Generator-Speed-Controller-Esd5500e-45-High-quality-servo-motor-6v-24v-DC-corele-fenfamotor-13332861.html" "Mozilla/5.0 (Linux; Android 7.0;) AppleWebKit/537.36 (KHTML, like Gecko) Mobile Safari/537.36 (compatible; PetalBot;+https://webmaster.petalsearch.com/site/petalbot)" "-"
47.128.208.92 - - [20/Feb/2024:02:17:27 +0800] "POST /wp-cron.php?doing_wp_cron=1708366647.7060639858245849609375 HTTP/1.1" 200 11 "-" "WordPress/6.4.3; https://amici.com.sg" "-"
183.136.225.45 - - [20/Feb/2024:02:17:27 +0800] "GET /robots.txt HTTP/1.1" 200 124 "-" "Mozilla/5.0 (Windows NT 6.1; WOW64) AppleWebKit/537.36 (KHTML, like Gecko) Chrome/63.0.3239.132 Safari/537.36 QIHU 360SE" "-"
47.128.208.92 - - [20/Feb/2024:02:18:27 +0800] "POST /wp-cron.php?doing_wp_cron=1708366707.7000489234924316406250 HTTP/1.1" 200 11 "-" "WordPress/6.4.3; https://amici.com.sg" "-"
85.208.96.203 - - [20/Feb/2024:02:18:27 +0800] "GET /buffet/asian-buffet HTTP/1.1" 301 5 "-" "Mozilla/5.0 (compatible; SemrushBot/7~bl; +http://www.semrush.com/bot.html)" "-"
85.208.96.203 - - [20/Feb/2024:02:18:31 +0800] "GET /product/asian-buffet/ HTTP/1.1" 200 217757 "-" "Mozilla/5.0 (compatible; SemrushBot/7~bl; +http://www.semrush.com/bot.html)" "-"
114.119.138.230 - - [20/Feb/2024:02:18:43 +0800] "GET /pl15thczm42/Rdfx-Of-Course-September-Rocks-Month-I-Was-Born-Birthday-T45Shirt-discountool-17129003.html HTTP/1.1" 301 162 "http://www.amici.com.sg/pl15thczm42/Dnkg-Media-Storehouse-1000-Piece-Puzzle-Of-Pierrot-Hat-40720925941-discountool-17224809.html" "Mozilla/5.0 (Linux; Android 7.0;) AppleWebKit/537.36 (KHTML, like Gecko) Mobile Safari/537.36 (compatible; PetalBot;+https://webmaster.petalsearch.com/site/petalbot)" "10.179.80.168"
114.119.138.230 - - [20/Feb/2024:02:18:44 +0800] "GET /pl15thczm42/Rdfx-Of-Course-September-Rocks-Month-I-Was-Born-Birthday-T45Shirt-discountool-17129003.html HTTP/1.1" 301 5 "http://www.amici.com.sg/pl15thczm42/Dnkg-Media-Storehouse-1000-Piece-Puzzle-Of-Pierrot-Hat-40720925941-discountool-17224809.html" "Mozilla/5.0 (Linux; Android 7.0;) AppleWebKit/537.36 (KHTML, like Gecko) Mobile Safari/537.36 (compatible; PetalBot;+https://webmaster.petalsearch.com/site/petalbot)" "-"
114.119.138.230 - - [20/Feb/2024:02:18:44 +0800] "GET /pl15thczm42/Rdfx-Of-Course-September-Rocks-Month-I-Was-Born-Birthday-T45Shirt-discountool-17129003.html HTTP/1.1" 404 190055 "http://www.amici.com.sg/pl15thczm42/Dnkg-Media-Storehouse-1000-Piece-Puzzle-Of-Pierrot-Hat-40720925941-discountool-17224809.html" "Mozilla/5.0 (Linux; Android 7.0;) AppleWebKit/537.36 (KHTML, like Gecko) Mobile Safari/537.36 (compatible; PetalBot;+https://webmaster.petalsearch.com/site/petalbot)" "-"
192.0.82.55 - - [20/Feb/2024:02:19:30 +0800] "HEAD / HTTP/1.1" 200 0 "-" "jetmon/1.0 (Jetpack Site Uptime Monitor by WordPress.com)" "-"
47.128.208.92 - - [20/Feb/2024:02:19:35 +0800] "POST /wp-cron.php?doing_wp_cron=1708366775.1454079151153564453125 HTTP/1.1" 200 11 "-" "WordPress/6.4.3; https://amici.com.sg" "-"
157.55.39.204 - - [20/Feb/2024:02:19:35 +0800] "GET /orders/?outlet=1&f_type=delivery&postal_date=2022-05-13&postal_time=now HTTP/2.0" 500 2726 "-" "Mozilla/5.0 AppleWebKit/537.36 (KHTML, like Gecko; compatible; bingbot/2.0; +http://www.bing.com/bingbot.htm) Chrome/116.0.1938.76 Safari/537.36" "-"
47.128.208.92 - - [20/Feb/2024:02:21:36 +0800] "POST /wp-cron.php?doing_wp_cron=1708366896.4825999736785888671875 HTTP/1.1" 200 11 "-" "WordPress/6.4.3; https://amici.com.sg" "-"
52.167.144.203 - - [20/Feb/2024:02:21:36 +0800] "GET /orders/?outlet=1&f_type=delivery&postal_date=2022-05-09&postal_time=now HTTP/2.0" 500 2726 "-" "Mozilla/5.0 AppleWebKit/537.36 (KHTML, like Gecko; compatible; bingbot/2.0; +http://www.bing.com/bingbot.htm) Chrome/116.0.1938.76 Safari/537.36" "-"
192.0.82.55 - - [20/Feb/2024:02:24:30 +0800] "HEAD / HTTP/1.1" 200 0 "-" "jetmon/1.0 (Jetpack Site Uptime Monitor by WordPress.com)" "-"
216.244.66.234 - - [20/Feb/2024:02:25:01 +0800] "GET /robots.txt HTTP/1.1" 301 162 "-" "Mozilla/5.0 (compatible; DotBot/1.2; +https://opensiteexplorer.org/dotbot; help@moz.com)" "-"
47.128.208.92 - - [20/Feb/2024:02:25:03 +0800] "POST /wp-cron.php?doing_wp_cron=1708367103.0544528961181640625000 HTTP/1.1" 200 11 "-" "WordPress/6.4.3; https://amici.com.sg" "-"
216.244.66.234 - - [20/Feb/2024:02:25:03 +0800] "GET /robots.txt HTTP/1.1" 200 152 "-" "Mozilla/5.0 (compatible; DotBot/1.2; +https://opensiteexplorer.org/dotbot; help@moz.com)" "-"
52.167.144.54 - - [20/Feb/2024:02:25:16 +0800] "GET /robots.txt HTTP/1.1" 301 162 "-" "Mozilla/5.0 AppleWebKit/537.36 (KHTML, like Gecko; compatible; bingbot/2.0; +http://www.bing.com/bingbot.htm) Chrome/116.0.1938.76 Safari/537.36" "-"
52.167.144.54 - - [20/Feb/2024:02:25:17 +0800] "GET /robots.txt HTTP/2.0" 200 113 "-" "Mozilla/5.0 AppleWebKit/537.36 (KHTML, like Gecko; compatible; bingbot/2.0; +http://www.bing.com/bingbot.htm) Chrome/116.0.1938.76 Safari/537.36" "-"
157.55.39.204 - - [20/Feb/2024:02:25:26 +0800] "GET / HTTP/1.1" 301 162 "-" "Mozilla/5.0 AppleWebKit/537.36 (KHTML, like Gecko; compatible; bingbot/2.0; +http://www.bing.com/bingbot.htm) Chrome/116.0.1938.76 Safari/537.36" "-"
118.201.224.174 - - [20/Feb/2024:02:25:35 +0800] "POST /wp-admin/admin-ajax.php HTTP/2.0" 200 52 "https://amici.com.sg/wp-admin/post.php?post=2618&action=edit" "Mozilla/5.0 (Windows NT 10.0; Win64; x64) AppleWebKit/537.36 (KHTML, like Gecko) Chrome/121.0.0.0 Safari/537.36" "-"
47.128.208.92 - - [20/Feb/2024:02:25:50 +0800] "POST /wp-cron.php?doing_wp_cron=1708367150.6581909656524658203125 HTTP/1.1" 200 11 "-" "WordPress/6.4.3; https://amici.com.sg" "-"
118.201.224.174 - - [20/Feb/2024:02:25:50 +0800] "POST /wp-admin/admin-ajax.php HTTP/2.0" 200 52 "https://amici.com.sg/wp-admin/post.php?post=2618&action=edit" "Mozilla/5.0 (Windows NT 10.0; Win64; x64) AppleWebKit/537.36 (KHTML, like Gecko) Chrome/121.0.0.0 Safari/537.36" "-"
47.128.208.92 - - [20/Feb/2024:02:27:51 +0800] "POST /wp-cron.php?doing_wp_cron=1708367271.6654360294342041015625 HTTP/1.1" 200 11 "-" "WordPress/6.4.3; https://amici.com.sg" "-"
118.201.224.174 - - [20/Feb/2024:02:27:51 +0800] "POST /wp-admin/admin-ajax.php HTTP/2.0" 200 52 "https://amici.com.sg/wp-admin/post.php?post=2618&action=edit" "Mozilla/5.0 (Windows NT 10.0; Win64; x64) AppleWebKit/537.36 (KHTML, like Gecko) Chrome/121.0.0.0 Safari/537.36" "-"
192.0.82.55 - - [20/Feb/2024:02:29:32 +0800] "HEAD / HTTP/1.1" 200 0 "-" "jetmon/1.0 (Jetpack Site Uptime Monitor by WordPress.com)" "-"
47.128.208.92 - - [20/Feb/2024:02:29:34 +0800] "POST /wp-cron.php?doing_wp_cron=1708367374.6778581142425537109375 HTTP/1.1" 200 11 "-" "WordPress/6.4.3; https://amici.com.sg" "-"
54.36.149.44 - - [20/Feb/2024:02:29:35 +0800] "GET /ValentinesDayGifting/pompouslove HTTP/2.0" 404 101811 "-" "Mozilla/5.0 (compatible; AhrefsBot/7.0; +http://ahrefs.com/robot/)" "-"
47.128.208.92 - - [20/Feb/2024:02:29:52 +0800] "POST /wp-cron.php?doing_wp_cron=1708367392.6715269088745117187500 HTTP/1.1" 200 11 "-" "WordPress/6.4.3; https://amici.com.sg" "-"
118.201.224.174 - - [20/Feb/2024:02:29:52 +0800] "POST /wp-admin/admin-ajax.php HTTP/2.0" 200 52 "https://amici.com.sg/wp-admin/post.php?post=2618&action=edit" "Mozilla/5.0 (Windows NT 10.0; Win64; x64) AppleWebKit/537.36 (KHTML, like Gecko) Chrome/121.0.0.0 Safari/537.36" "-"
47.128.208.92 - - [20/Feb/2024:02:31:52 +0800] "POST /wp-cron.php?doing_wp_cron=1708367512.8337259292602539062500 HTTP/1.1" 200 11 "-" "WordPress/6.4.3; https://amici.com.sg" "-"
118.201.224.174 - - [20/Feb/2024:02:31:52 +0800] "POST /wp-admin/admin-ajax.php HTTP/2.0" 200 52 "https://amici.com.sg/wp-admin/post.php?post=2618&action=edit" "Mozilla/5.0 (Windows NT 10.0; Win64; x64) AppleWebKit/537.36 (KHTML, like Gecko) Chrome/121.0.0.0 Safari/537.36" "-"
118.201.224.174 - - [20/Feb/2024:02:32:08 +0800] "POST /wp-admin/admin-ajax.php HTTP/2.0" 200 52 "https://amici.com.sg/wp-admin/post.php?post=2618&action=edit" "Mozilla/5.0 (Windows NT 10.0; Win64; x64) AppleWebKit/537.36 (KHTML, like Gecko) Chrome/121.0.0.0 Safari/537.36" "-"
85.208.96.204 - - [20/Feb/2024:02:32:23 +0800] "GET /kids-set HTTP/1.1" 301 5 "-" "Mozilla/5.0 (compatible; SemrushBot/7~bl; +http://www.semrush.com/bot.html)" "-"
85.208.96.194 - - [20/Feb/2024:02:32:26 +0800] "GET /kids-set HTTP/1.1" 404 189721 "-" "Mozilla/5.0 (compatible; SemrushBot/7~bl; +http://www.semrush.com/bot.html)" "-"
47.128.208.92 - - [20/Feb/2024:02:33:19 +0800] "POST /wp-cron.php?doing_wp_cron=1708367599.3482859134674072265625 HTTP/1.1" 200 11 "-" "WordPress/6.4.3; https://amici.com.sg" "-"
118.201.224.174 - - [20/Feb/2024:02:33:19 +0800] "POST /wp-admin/admin-ajax.php HTTP/2.0" 200 52 "https://amici.com.sg/wp-admin/post.php?post=2618&action=edit" "Mozilla/5.0 (Windows NT 10.0; Win64; x64) AppleWebKit/537.36 (KHTML, like Gecko) Chrome/121.0.0.0 Safari/537.36" "-"
47.128.208.92 - - [20/Feb/2024:02:33:22 +0800] "POST /wp-cron.php?doing_wp_cron=1708367602.6550240516662597656250 HTTP/1.1" 200 11 "-" "WordPress/6.4.3; https://amici.com.sg" "-"
47.128.46.241 - - [20/Feb/2024:02:33:23 +0800] "GET /de-froz?limit=25&order=ASC&page=4&sort=p.sort_order HTTP/2.0" 404 189664 "-" "Mozilla/5.0 (Linux; Android 5.0) AppleWebKit/537.36 (KHTML, like Gecko) Mobile Safari/537.36 (compatible; Bytespider; spider-feedback@bytedance.com)" "-"
118.201.224.174 - - [20/Feb/2024:02:33:34 +0800] "POST /wp-admin/admin-ajax.php HTTP/2.0" 200 52 "https://amici.com.sg/wp-admin/post.php?post=2618&action=edit" "Mozilla/5.0 (Windows NT 10.0; Win64; x64) AppleWebKit/537.36 (KHTML, like Gecko) Chrome/121.0.0.0 Safari/537.36" "-"
157.55.39.205 - - [20/Feb/2024:02:34:14 +0800] "GET / HTTP/2.0" 200 198515 "-" "Mozilla/5.0 AppleWebKit/537.36 (KHTML, like Gecko; compatible; bingbot/2.0; +http://www.bing.com/bingbot.htm) Chrome/116.0.1938.76 Safari/537.36" "-"
47.128.208.92 - - [20/Feb/2024:02:34:29 +0800] "POST /wp-cron.php?doing_wp_cron=1708367669.6576108932495117187500 HTTP/1.1" 200 11 "-" "WordPress/6.4.3; https://amici.com.sg" "-"
47.128.122.230 - - [20/Feb/2024:02:34:29 +0800] "GET /tapas/tapas-6-items/6%20Items%20tapas HTTP/2.0" 301 0 "-" "Mozilla/5.0 (Linux; Android 5.0) AppleWebKit/537.36 (KHTML, like Gecko) Mobile Safari/537.36 (compatible; Bytespider; spider-feedback@bytedance.com)" "-"
47.128.208.92 - - [20/Feb/2024:02:34:30 +0800] "POST /wp-cron.php?doing_wp_cron=1708367670.0679440498352050781250 HTTP/1.1" 200 11 "-" "WordPress/6.4.3; https://amici.com.sg" "-"
52.167.144.163 - - [20/Feb/2024:02:34:30 +0800] "GET /orders/?outlet=1&f_type=delivery&postal_date=2022-06-12&postal_time=now HTTP/2.0" 500 2726 "-" "Mozilla/5.0 AppleWebKit/537.36 (KHTML, like Gecko; compatible; bingbot/2.0; +http://www.bing.com/bingbot.htm) Chrome/116.0.1938.76 Safari/537.36" "-"
192.0.82.55 - - [20/Feb/2024:02:34:30 +0800] "HEAD / HTTP/1.1" 200 0 "-" "jetmon/1.0 (Jetpack Site Uptime Monitor by WordPress.com)" "-"
47.128.122.230 - - [20/Feb/2024:02:34:32 +0800] "GET /tapas/tapas-6-items/6%20Items%20tapas HTTP/2.0" 404 189714 "-" "Mozilla/5.0 (Linux; Android 5.0) AppleWebKit/537.36 (KHTML, like Gecko) Mobile Safari/537.36 (compatible; Bytespider; spider-feedback@bytedance.com)" "-"
47.128.46.31 - - [20/Feb/2024:02:34:55 +0800] "GET /de-froz?limit=12&order=ASC&page=6&sort=p.sort_order HTTP/2.0" 404 189665 "-" "Mozilla/5.0 (Linux; Android 5.0) AppleWebKit/537.36 (KHTML, like Gecko) Mobile Safari/537.36 (compatible; Bytespider; spider-feedback@bytedance.com)" "-"
66.249.71.98 - - [20/Feb/2024:02:35:25 +0800] "GET /index.php?route=product/manufacturer/info&manufacturer_id=1&sort=p.price&order=DESC&page=7 HTTP/1.1" 301 5 "-" "Mozilla/5.0 (Linux; Android 6.0.1; Nexus 5X Build/MMB29P) AppleWebKit/537.36 (KHTML, like Gecko) Chrome/121.0.6167.85 Mobile Safari/537.36 (compatible; Googlebot/2.1; +http://www.google.com/bot.html)" "-"
