118.201.224.174 - - [20/Feb/2024:00:53:13 +0800] "POST /wp-admin/admin-ajax.php HTTP/2.0" 200 52 "https://amici.com.sg/wp-admin/post.php?post=2618&action=edit" "Mozilla/5.0 (Windows NT 10.0; Win64; x64) AppleWebKit/537.36 (KHTML, like Gecko) Chrome/121.0.0.0 Safari/537.36" "-"
47.128.208.92 - - [20/Feb/2024:00:53:28 +0800] "POST /wp-cron.php?doing_wp_cron=1708361608.8848819732666015625000 HTTP/1.1" 200 11 "-" "WordPress/6.4.3; https://amici.com.sg" "-"
118.201.224.174 - - [20/Feb/2024:00:53:28 +0800] "POST /wp-admin/admin-ajax.php HTTP/2.0" 200 52 "https://amici.com.sg/wp-admin/post.php?post=2618&action=edit" "Mozilla/5.0 (Windows NT 10.0; Win64; x64) AppleWebKit/537.36 (KHTML, like Gecko) Chrome/121.0.0.0 Safari/537.36" "-"
192.0.82.55 - - [20/Feb/2024:00:54:31 +0800] "HEAD / HTTP/1.1" 200 0 "-" "jetmon/1.0 (Jetpack Site Uptime Monitor by WordPress.com)" "-"
47.128.208.92 - - [20/Feb/2024:00:55:32 +0800] "POST /wp-cron.php?doing_wp_cron=1708361732.7190449237823486328125 HTTP/1.1" 200 11 "-" "WordPress/6.4.3; https://amici.com.sg" "-"
118.201.224.174 - - [20/Feb/2024:00:55:32 +0800] "POST /wp-admin/admin-ajax.php HTTP/2.0" 200 52 "https://amici.com.sg/wp-admin/post.php?post=2618&action=edit" "Mozilla/5.0 (Windows NT 10.0; Win64; x64) AppleWebKit/537.36 (KHTML, like Gecko) Chrome/121.0.0.0 Safari/537.36" "-"
47.128.208.92 - - [20/Feb/2024:00:55:43 +0800] "GET /wp-json/jetpack/v4/sync/spawn-sync?time=1708361743&request_lock_id=1708361743.7334 HTTP/1.1" 200 32 "-" "WordPress/6.4.3; https://amici.com.sg" "-"
47.128.208.92 - - [20/Feb/2024:00:56:46 +0800] "POST /wp-cron.php?doing_wp_cron=1708361806.5047020912170410156250 HTTP/1.1" 200 11 "-" "WordPress/6.4.3; https://amici.com.sg" "-"
118.201.224.174 - - [20/Feb/2024:00:56:46 +0800] "POST /wp-admin/admin-ajax.php HTTP/2.0" 200 52 "https://amici.com.sg/wp-admin/post.php?post=2618&action=edit" "Mozilla/5.0 (Windows NT 10.0; Win64; x64) AppleWebKit/537.36 (KHTML, like Gecko) Chrome/121.0.0.0 Safari/537.36" "-"
118.201.224.174 - - [20/Feb/2024:00:57:01 +0800] "POST /wp-admin/admin-ajax.php HTTP/2.0" 200 52 "https://amici.com.sg/wp-admin/post.php?post=2618&action=edit" "Mozilla/5.0 (Windows NT 10.0; Win64; x64) AppleWebKit/537.36 (KHTML, like Gecko) Chrome/121.0.0.0 Safari/537.36" "-"
47.128.208.92 - - [20/Feb/2024:00:57:27 +0800] "POST /wp-cron.php?doing_wp_cron=1708361847.2594680786132812500000 HTTP/1.1" 200 11 "-" "WordPress/6.4.3; https://amici.com.sg" "-"
207.46.13.14 - - [20/Feb/2024:00:57:27 +0800] "GET /services HTTP/2.0" 301 0 "-" "Mozilla/5.0 AppleWebKit/537.36 (KHTML, like Gecko; compatible; bingbot/2.0; +http://www.bing.com/bingbot.htm) Chrome/116.0.1938.76 Safari/537.36" "-"
207.46.13.14 - - [20/Feb/2024:00:57:29 +0800] "GET /services/ HTTP/2.0" 200 192003 "-" "Mozilla/5.0 AppleWebKit/537.36 (KHTML, like Gecko; compatible; bingbot/2.0; +http://www.bing.com/bingbot.htm) Chrome/116.0.1938.76 Safari/537.36" "-"
95.111.244.68 - - [20/Feb/2024:00:58:19 +0800] "GET /simple.php HTTP/1.1" 301 162 "www.google.com" "Mozlila/5.0 (Linux; Android 7.0; SM-G892A Bulid/NRD90M; wv) AppleWebKit/537.36 (KHTML, like Gecko) Version/4.0 Chrome/60.0.3112.107 Moblie Safari/537.36" "-"
95.111.244.68 - - [20/Feb/2024:00:58:29 +0800] "GET /simple.php HTTP/1.1" 404 178 "www.google.com" "Mozlila/5.0 (Linux; Android 7.0; SM-G892A Bulid/NRD90M; wv) AppleWebKit/537.36 (KHTML, like Gecko) Version/4.0 Chrome/60.0.3112.107 Moblie Safari/537.36" "-"
47.128.208.92 - - [20/Feb/2024:00:58:40 +0800] "POST /wp-cron.php?doing_wp_cron=1708361920.5958220958709716796875 HTTP/1.1" 200 11 "-" "WordPress/6.4.3; https://amici.com.sg" "-"
118.201.224.174 - - [20/Feb/2024:00:58:40 +0800] "POST /wp-admin/admin-ajax.php HTTP/2.0" 200 52 "https://amici.com.sg/wp-admin/post.php?post=2618&action=edit" "Mozilla/5.0 (Windows NT 10.0; Win64; x64) AppleWebKit/537.36 (KHTML, like Gecko) Chrome/121.0.0.0 Safari/537.36" "-"
114.119.138.230 - - [20/Feb/2024:00:58:51 +0800] "GET /pathologic/owXTs-462Ct-Twenty-Stone-Domed-French-Cut-Pave-Wedding-ring-14k-Two45tone-Gold-Diamonds-40G45H46I145I24140-discountool-17180882.html HTTP/1.1" 301 162 "http://www.amici.com.sg/pathologic/GFXtK-Westlake-Photography-45-Canvas-Print-Wall-Art-45-Purple-Violet-on-Canvas-Stretched-Gallery-Wrap-45-Modern-P-discountool-17157197.html" "Mozilla/5.0 (Linux; Android 7.0;) AppleWebKit/537.36 (KHTML, like Gecko) Mobile Safari/537.36 (compatible; PetalBot;+https://webmaster.petalsearch.com/site/petalbot)" "10.179.80.234"
47.128.208.92 - - [20/Feb/2024:00:58:51 +0800] "POST /wp-cron.php?doing_wp_cron=1708361931.3778131008148193359375 HTTP/1.1" 200 11 "-" "WordPress/6.4.3; https://amici.com.sg" "-"
114.119.138.230 - - [20/Feb/2024:00:58:51 +0800] "GET /pathologic/owXTs-462Ct-Twenty-Stone-Domed-French-Cut-Pave-Wedding-ring-14k-Two45tone-Gold-Diamonds-40G45H46I145I24140-discountool-17180882.html HTTP/1.1" 301 5 "http://www.amici.com.sg/pathologic/GFXtK-Westlake-Photography-45-Canvas-Print-Wall-Art-45-Purple-Violet-on-Canvas-Stretched-Gallery-Wrap-45-Modern-P-discountool-17157197.html" "Mozilla/5.0 (Linux; Android 7.0;) AppleWebKit/537.36 (KHTML, like Gecko) Mobile Safari/537.36 (compatible; PetalBot;+https://webmaster.petalsearch.com/site/petalbot)" "-"
114.119.138.230 - - [20/Feb/2024:00:58:52 +0800] "GET /pathologic/owXTs-462Ct-Twenty-Stone-Domed-French-Cut-Pave-Wedding-ring-14k-Two45tone-Gold-Diamonds-40G45H46I145I24140-discountool-17180882.html HTTP/1.1" 404 190038 "http://www.amici.com.sg/pathologic/GFXtK-Westlake-Photography-45-Canvas-Print-Wall-Art-45-Purple-Violet-on-Canvas-Stretched-Gallery-Wrap-45-Modern-P-discountool-17157197.html" "Mozilla/5.0 (Linux; Android 7.0;) AppleWebKit/537.36 (KHTML, like Gecko) Mobile Safari/537.36 (compatible; PetalBot;+https://webmaster.petalsearch.com/site/petalbot)" "-"
118.201.224.174 - - [20/Feb/2024:00:58:55 +0800] "POST /wp-admin/admin-ajax.php HTTP/2.0" 200 52 "https://amici.com.sg/wp-admin/post.php?post=2618&action=edit" "Mozilla/5.0 (Windows NT 10.0; Win64; x64) AppleWebKit/537.36 (KHTML, like Gecko) Chrome/121.0.0.0 Safari/537.36" "-"
118.201.224.174 - - [20/Feb/2024:00:59:10 +0800] "POST /wp-admin/admin-ajax.php HTTP/2.0" 200 52 "https://amici.com.sg/wp-admin/post.php?post=2618&action=edit" "Mozilla/5.0 (Windows NT 10.0; Win64; x64) AppleWebKit/537.36 (KHTML, like Gecko) Chrome/121.0.0.0 Safari/537.36" "-"
192.0.82.55 - - [20/Feb/2024:00:59:33 +0800] "HEAD / HTTP/1.1" 200 0 "-" "jetmon/1.0 (Jetpack Site Uptime Monitor by WordPress.com)" "-"
47.128.208.92 - - [20/Feb/2024:01:00:30 +0800] "POST /wp-cron.php?doing_wp_cron=1708362030.6398549079895019531250 HTTP/1.1" 200 11 "-" "WordPress/6.4.3; https://amici.com.sg" "-"
118.201.224.174 - - [20/Feb/2024:01:00:30 +0800] "POST /wp-admin/admin-ajax.php HTTP/2.0" 200 52 "https://amici.com.sg/wp-admin/post.php?post=2618&action=edit" "Mozilla/5.0 (Windows NT 10.0; Win64; x64) AppleWebKit/537.36 (KHTML, like Gecko) Chrome/121.0.0.0 Safari/537.36" "-"
118.201.224.174 - - [20/Feb/2024:01:00:43 +0800] "GET /product/local-street-delight-buffet/ HTTP/2.0" 200 122894 "https://amici.com.sg/product-category/buffet/?ucterms=product_cat~buffet" "Mozilla/5.0 (Windows NT 10.0; Win64; x64) AppleWebKit/537.36 (KHTML, like Gecko) Chrome/121.0.0.0 Safari/537.36" "-"
47.128.208.92 - - [20/Feb/2024:01:00:45 +0800] "POST /wp-cron.php?doing_wp_cron=1708362045.8079600334167480468750 HTTP/1.1" 200 11 "-" "WordPress/6.4.3; https://amici.com.sg" "-"
118.201.224.174 - - [20/Feb/2024:01:00:45 +0800] "POST /wp-admin/admin-ajax.php HTTP/2.0" 200 52 "https://amici.com.sg/wp-admin/post.php?post=2618&action=edit" "Mozilla/5.0 (Windows NT 10.0; Win64; x64) AppleWebKit/537.36 (KHTML, like Gecko) Chrome/121.0.0.0 Safari/537.36" "-"
114.119.153.138 - - [20/Feb/2024:01:00:47 +0800] "GET /gcyz/Swov-Epson-Wf-3620-Ink-Cartridges-Suppliers44-Manufacturers44-Factory44-Exporter-45-Custom-O-tianseoffice-15132912.html HTTP/1.1" 301 162 "http://www.amici.com.sg/gcyz/WIlQ-Hp-Cf280a-Price-Suppliers44-Manufacturers44-Factory44-Exporter-45-Custom-OEM-Hp-Cf280a-Price-Sanheng-tianseoffice-15135417.html" "Mozilla/5.0 (Linux; Android 7.0;) AppleWebKit/537.36 (KHTML, like Gecko) Mobile Safari/537.36 (compatible; PetalBot;+https://webmaster.petalsearch.com/site/petalbot)" "10.179.80.203"
114.119.153.138 - - [20/Feb/2024:01:00:48 +0800] "GET /gcyz/Swov-Epson-Wf-3620-Ink-Cartridges-Suppliers44-Manufacturers44-Factory44-Exporter-45-Custom-O-tianseoffice-15132912.html HTTP/1.1" 301 5 "http://www.amici.com.sg/gcyz/WIlQ-Hp-Cf280a-Price-Suppliers44-Manufacturers44-Factory44-Exporter-45-Custom-OEM-Hp-Cf280a-Price-Sanheng-tianseoffice-15135417.html" "Mozilla/5.0 (Linux; Android 7.0;) AppleWebKit/537.36 (KHTML, like Gecko) Mobile Safari/537.36 (compatible; PetalBot;+https://webmaster.petalsearch.com/site/petalbot)" "-"
114.119.153.138 - - [20/Feb/2024:01:00:49 +0800] "GET /gcyz/Swov-Epson-Wf-3620-Ink-Cartridges-Suppliers44-Manufacturers44-Factory44-Exporter-45-Custom-O-tianseoffice-15132912.html HTTP/1.1" 404 190012 "http://www.amici.com.sg/gcyz/WIlQ-Hp-Cf280a-Price-Suppliers44-Manufacturers44-Factory44-Exporter-45-Custom-OEM-Hp-Cf280a-Price-Sanheng-tianseoffice-15135417.html" "Mozilla/5.0 (Linux; Android 7.0;) AppleWebKit/537.36 (KHTML, like Gecko) Mobile Safari/537.36 (compatible; PetalBot;+https://webmaster.petalsearch.com/site/petalbot)" "-"
47.128.208.92 - - [20/Feb/2024:01:02:10 +0800] "POST /wp-cron.php?doing_wp_cron=1708362129.9896509647369384765625 HTTP/1.1" 200 11 "-" "WordPress/6.4.3; https://amici.com.sg" "-"
118.201.224.174 - - [20/Feb/2024:01:02:10 +0800] "POST /wp-admin/admin-ajax.php HTTP/2.0" 200 52 "https://amici.com.sg/wp-admin/post.php?post=2618&action=edit" "Mozilla/5.0 (Windows NT 10.0; Win64; x64) AppleWebKit/537.36 (KHTML, like Gecko) Chrome/121.0.0.0 Safari/537.36" "-"
118.201.224.174 - - [20/Feb/2024:01:02:25 +0800] "POST /wp-admin/admin-ajax.php HTTP/2.0" 200 52 "https://amici.com.sg/wp-admin/post.php?post=2618&action=edit" "Mozilla/5.0 (Windows NT 10.0; Win64; x64) AppleWebKit/537.36 (KHTML, like Gecko) Chrome/121.0.0.0 Safari/537.36" "-"
45.151.197.230 - - [20/Feb/2024:01:02:34 +0800] "GET / HTTP/1.1" 301 5 "-" "Mozilla/5.0 (Windows NT 10.0; Win64; x64) AppleWebKit/537.36 (KHTML, like Gecko) Chrome/119.0.0.0 Safari/537.36" "-"
45.151.197.230 - - [20/Feb/2024:01:02:36 +0800] "GET / HTTP/1.1" 200 198545 "https://www.amici.com.sg" "Mozilla/5.0 (Windows NT 10.0; Win64; x64) AppleWebKit/537.36 (KHTML, like Gecko) Chrome/119.0.0.0 Safari/537.36" "-"
42.60.20.205 - - [20/Feb/2024:01:02:38 +0800] "GET / HTTP/1.1" 301 5 "-" "Mozilla/5.0 (Windows NT 10.0; Win64; x64) AppleWebKit/537.36 (KHTML, like Gecko) Chrome/119.0.0.0 Safari/537.36" "-"
185.81.28.98 - - [20/Feb/2024:01:02:39 +0800] "GET / HTTP/1.1" 200 198545 "https://www.amici.com.sg" "Mozilla/5.0 (Windows NT 10.0; Win64; x64) AppleWebKit/537.36 (KHTML, like Gecko) Chrome/119.0.0.0 Safari/537.36" "-"
185.81.28.98 - - [20/Feb/2024:01:02:40 +0800] "GET / HTTP/1.1" 200 198537 "-" "Go-http-client/1.1" "-"
118.201.224.174 - - [20/Feb/2024:01:02:40 +0800] "POST /wp-admin/admin-ajax.php HTTP/2.0" 200 52 "https://amici.com.sg/wp-admin/post.php?post=2618&action=edit" "Mozilla/5.0 (Windows NT 10.0; Win64; x64) AppleWebKit/537.36 (KHTML, like Gecko) Chrome/121.0.0.0 Safari/537.36" "-"
47.128.208.92 - - [20/Feb/2024:01:03:26 +0800] "POST /wp-cron.php?doing_wp_cron=1708362206.5800380706787109375000 HTTP/1.1" 200 11 "-" "WordPress/6.4.3; https://amici.com.sg" "-"
17.241.227.38 - - [20/Feb/2024:01:03:26 +0800] "GET /orders/products HTTP/1.1" 500 2738 "-" "Mozilla/5.0 (Macintosh; Intel Mac OS X 10_15_5) AppleWebKit/605.1.15 (KHTML, like Gecko) Version/13.1.1 Safari/605.1.15 (Applebot/0.1; +http://www.apple.com/go/applebot)" "-"
47.128.208.92 - - [20/Feb/2024:01:04:15 +0800] "POST /wp-cron.php?doing_wp_cron=1708362255.6593968868255615234375 HTTP/1.1" 200 11 "-" "WordPress/6.4.3; https://amici.com.sg" "-"
118.201.224.174 - - [20/Feb/2024:01:04:15 +0800] "POST /wp-admin/admin-ajax.php HTTP/2.0" 200 52 "https://amici.com.sg/wp-admin/post.php?post=2618&action=edit" "Mozilla/5.0 (Windows NT 10.0; Win64; x64) AppleWebKit/537.36 (KHTML, like Gecko) Chrome/121.0.0.0 Safari/537.36" "-"
118.201.224.174 - - [20/Feb/2024:01:04:30 +0800] "POST /wp-admin/admin-ajax.php HTTP/2.0" 200 52 "https://amici.com.sg/wp-admin/post.php?post=2618&action=edit" "Mozilla/5.0 (Windows NT 10.0; Win64; x64) AppleWebKit/537.36 (KHTML, like Gecko) Chrome/121.0.0.0 Safari/537.36" "-"
192.0.82.55 - - [20/Feb/2024:01:04:31 +0800] "HEAD / HTTP/1.1" 200 0 "-" "jetmon/1.0 (Jetpack Site Uptime Monitor by WordPress.com)" "-"
185.241.208.61 - - [20/Feb/2024:01:04:44 +0800] "HEAD /wordpress HTTP/1.1" 301 0 "-" "Mozilla/5.0 (Windows NT 10.0; Win64; x64) AppleWebKit/537.36 (KHTML, like Gecko) Chrome/74.0.3729.169 Safari/537.36" "-"
47.128.208.92 - - [20/Feb/2024:01:04:47 +0800] "POST /wp-cron.php?doing_wp_cron=1708362287.4477560520172119140625 HTTP/1.1" 200 11 "-" "WordPress/6.4.3; https://amici.com.sg" "-"
185.241.208.61 - - [20/Feb/2024:01:04:47 +0800] "HEAD /wordpress HTTP/1.1" 301 0 "http://www.amici.com.sg/wordpress" "Mozilla/5.0 (Windows NT 10.0; Win64; x64) AppleWebKit/537.36 (KHTML, like Gecko) Chrome/74.0.3729.169 Safari/537.36" "-"
47.128.208.92 - - [20/Feb/2024:01:04:49 +0800] "POST /wp-cron.php?doing_wp_cron=1708362289.2020668983459472656250 HTTP/1.1" 200 11 "-" "WordPress/6.4.3; https://amici.com.sg" "-"
185.241.208.61 - - [20/Feb/2024:01:04:49 +0800] "HEAD /wordpress HTTP/1.1" 404 0 "https://www.amici.com.sg/wordpress" "Mozilla/5.0 (Windows NT 10.0; Win64; x64) AppleWebKit/537.36 (KHTML, like Gecko) Chrome/74.0.3729.169 Safari/537.36" "-"
185.241.208.61 - - [20/Feb/2024:01:04:49 +0800] "HEAD / HTTP/1.1" 301 0 "-" "Mozilla/5.0 (Windows NT 10.0; Win64; x64) AppleWebKit/537.36 (KHTML, like Gecko) Chrome/74.0.3729.169 Safari/537.36" "-"
185.241.208.61 - - [20/Feb/2024:01:04:49 +0800] "HEAD / HTTP/1.1" 301 0 "http://www.amici.com.sg/" "Mozilla/5.0 (Windows NT 10.0; Win64; x64) AppleWebKit/537.36 (KHTML, like Gecko) Chrome/74.0.3729.169 Safari/537.36" "-"
185.241.208.61 - - [20/Feb/2024:01:04:50 +0800] "HEAD / HTTP/1.1" 200 0 "https://www.amici.com.sg/" "Mozilla/5.0 (Windows NT 10.0; Win64; x64) AppleWebKit/537.36 (KHTML, like Gecko) Chrome/74.0.3729.169 Safari/537.36" "-"
185.241.208.61 - - [20/Feb/2024:01:04:50 +0800] "HEAD /wp HTTP/1.1" 301 0 "-" "Mozilla/5.0 (Windows NT 10.0; Win64; x64) AppleWebKit/537.36 (KHTML, like Gecko) Chrome/74.0.3729.169 Safari/537.36" "-"
185.241.208.61 - - [20/Feb/2024:01:04:51 +0800] "HEAD /wp HTTP/1.1" 301 0 "http://www.amici.com.sg/wp" "Mozilla/5.0 (Windows NT 10.0; Win64; x64) AppleWebKit/537.36 (KHTML, like Gecko) Chrome/74.0.3729.169 Safari/537.36" "-"
185.241.208.61 - - [20/Feb/2024:01:04:51 +0800] "HEAD /wp HTTP/1.1" 404 0 "https://www.amici.com.sg/wp" "Mozilla/5.0 (Windows NT 10.0; Win64; x64) AppleWebKit/537.36 (KHTML, like Gecko) Chrome/74.0.3729.169 Safari/537.36" "-"
185.241.208.61 - - [20/Feb/2024:01:04:51 +0800] "HEAD /bc HTTP/1.1" 301 0 "-" "Mozilla/5.0 (Windows NT 10.0; Win64; x64) AppleWebKit/537.36 (KHTML, like Gecko) Chrome/74.0.3729.169 Safari/537.36" "-"
185.241.208.61 - - [20/Feb/2024:01:04:52 +0800] "HEAD /bc HTTP/1.1" 301 0 "http://www.amici.com.sg/bc" "Mozilla/5.0 (Windows NT 10.0; Win64; x64) AppleWebKit/537.36 (KHTML, like Gecko) Chrome/74.0.3729.169 Safari/537.36" "-"
185.241.208.61 - - [20/Feb/2024:01:04:52 +0800] "HEAD /bc HTTP/1.1" 404 0 "https://www.amici.com.sg/bc" "Mozilla/5.0 (Windows NT 10.0; Win64; x64) AppleWebKit/537.36 (KHTML, like Gecko) Chrome/74.0.3729.169 Safari/537.36" "-"
185.241.208.61 - - [20/Feb/2024:01:04:53 +0800] "HEAD /bk HTTP/1.1" 301 0 "-" "Mozilla/5.0 (Windows NT 10.0; Win64; x64) AppleWebKit/537.36 (KHTML, like Gecko) Chrome/74.0.3729.169 Safari/537.36" "-"
185.241.208.61 - - [20/Feb/2024:01:04:53 +0800] "HEAD /bk HTTP/1.1" 301 0 "http://www.amici.com.sg/bk" "Mozilla/5.0 (Windows NT 10.0; Win64; x64) AppleWebKit/537.36 (KHTML, like Gecko) Chrome/74.0.3729.169 Safari/537.36" "-"
185.241.208.61 - - [20/Feb/2024:01:04:54 +0800] "HEAD /bk HTTP/1.1" 404 0 "https://www.amici.com.sg/bk" "Mozilla/5.0 (Windows NT 10.0; Win64; x64) AppleWebKit/537.36 (KHTML, like Gecko) Chrome/74.0.3729.169 Safari/537.36" "-"
185.241.208.61 - - [20/Feb/2024:01:04:54 +0800] "HEAD /backup HTTP/1.1" 301 0 "-" "Mozilla/5.0 (Windows NT 10.0; Win64; x64) AppleWebKit/537.36 (KHTML, like Gecko) Chrome/74.0.3729.169 Safari/537.36" "-"
185.241.208.61 - - [20/Feb/2024:01:04:54 +0800] "HEAD /backup HTTP/1.1" 301 0 "http://www.amici.com.sg/backup" "Mozilla/5.0 (Windows NT 10.0; Win64; x64) AppleWebKit/537.36 (KHTML, like Gecko) Chrome/74.0.3729.169 Safari/537.36" "-"
185.241.208.61 - - [20/Feb/2024:01:04:55 +0800] "HEAD /backup HTTP/1.1" 404 0 "https://www.amici.com.sg/backup" "Mozilla/5.0 (Windows NT 10.0; Win64; x64) AppleWebKit/537.36 (KHTML, like Gecko) Chrome/74.0.3729.169 Safari/537.36" "-"
185.241.208.61 - - [20/Feb/2024:01:04:55 +0800] "HEAD /old HTTP/1.1" 301 0 "-" "Mozilla/5.0 (Windows NT 10.0; Win64; x64) AppleWebKit/537.36 (KHTML, like Gecko) Chrome/74.0.3729.169 Safari/537.36" "-"
185.241.208.61 - - [20/Feb/2024:01:04:56 +0800] "HEAD /old HTTP/1.1" 301 0 "http://www.amici.com.sg/old" "Mozilla/5.0 (Windows NT 10.0; Win64; x64) AppleWebKit/537.36 (KHTML, like Gecko) Chrome/74.0.3729.169 Safari/537.36" "-"
185.241.208.61 - - [20/Feb/2024:01:04:56 +0800] "HEAD /old HTTP/1.1" 404 0 "https://www.amici.com.sg/old" "Mozilla/5.0 (Windows NT 10.0; Win64; x64) AppleWebKit/537.36 (KHTML, like Gecko) Chrome/74.0.3729.169 Safari/537.36" "-"
185.241.208.61 - - [20/Feb/2024:01:04:56 +0800] "HEAD /new HTTP/1.1" 301 0 "-" "Mozilla/5.0 (Windows NT 10.0; Win64; x64) AppleWebKit/537.36 (KHTML, like Gecko) Chrome/74.0.3729.169 Safari/537.36" "-"
185.241.208.61 - - [20/Feb/2024:01:04:57 +0800] "HEAD /new HTTP/1.1" 301 0 "http://www.amici.com.sg/new" "Mozilla/5.0 (Windows NT 10.0; Win64; x64) AppleWebKit/537.36 (KHTML, like Gecko) Chrome/74.0.3729.169 Safari/537.36" "-"
185.241.208.61 - - [20/Feb/2024:01:04:57 +0800] "HEAD /news/ HTTP/1.1" 200 0 "https://www.amici.com.sg/new" "Mozilla/5.0 (Windows NT 10.0; Win64; x64) AppleWebKit/537.36 (KHTML, like Gecko) Chrome/74.0.3729.169 Safari/537.36" "-"
185.241.208.61 - - [20/Feb/2024:01:04:58 +0800] "HEAD /main HTTP/1.1" 301 0 "-" "Mozilla/5.0 (Windows NT 10.0; Win64; x64) AppleWebKit/537.36 (KHTML, like Gecko) Chrome/74.0.3729.169 Safari/537.36" "-"
185.241.208.61 - - [20/Feb/2024:01:04:58 +0800] "HEAD /main HTTP/1.1" 301 0 "http://www.amici.com.sg/main" "Mozilla/5.0 (Windows NT 10.0; Win64; x64) AppleWebKit/537.36 (KHTML, like Gecko) Chrome/74.0.3729.169 Safari/537.36" "-"
185.241.208.61 - - [20/Feb/2024:01:04:59 +0800] "HEAD /main HTTP/1.1" 404 0 "https://www.amici.com.sg/main" "Mozilla/5.0 (Windows NT 10.0; Win64; x64) AppleWebKit/537.36 (KHTML, like Gecko) Chrome/74.0.3729.169 Safari/537.36" "-"
185.241.208.61 - - [20/Feb/2024:01:04:59 +0800] "HEAD /home HTTP/1.1" 301 0 "-" "Mozilla/5.0 (Windows NT 10.0; Win64; x64) AppleWebKit/537.36 (KHTML, like Gecko) Chrome/74.0.3729.169 Safari/537.36" "-"
185.241.208.61 - - [20/Feb/2024:01:04:59 +0800] "HEAD /home HTTP/1.1" 301 0 "http://www.amici.com.sg/home" "Mozilla/5.0 (Windows NT 10.0; Win64; x64) AppleWebKit/537.36 (KHTML, like Gecko) Chrome/74.0.3729.169 Safari/537.36" "-"
185.241.208.61 - - [20/Feb/2024:01:05:00 +0800] "HEAD /home/ HTTP/1.1" 200 0 "https://www.amici.com.sg/home" "Mozilla/5.0 (Windows NT 10.0; Win64; x64) AppleWebKit/537.36 (KHTML, like Gecko) Chrome/74.0.3729.169 Safari/537.36" "-"
82.147.85.96 - - [20/Feb/2024:01:05:05 +0800] "GET /contact-us/ HTTP/1.0" 301 162 "http://amici.com.sg/contact-us/" "Mozilla/5.0 (Windows NT 10.0; Win64; x64) AppleWebKit/537.36 (KHTML, like Gecko) Chrome/103.0.0.0 Safari/537.36 OpenWave/97.4.2043.44" "-"
82.147.85.96 - - [20/Feb/2024:01:05:07 +0800] "GET /contact-us/ HTTP/1.0" 404 399011 "https://amici.com.sg/contact-us/" "Mozilla/5.0 (Windows NT 10.0; Win64; x64) AppleWebKit/537.36 (KHTML, like Gecko) Chrome/103.0.0.0 Safari/537.36 OpenWave/97.4.2043.44" "-"
82.147.85.96 - - [20/Feb/2024:01:05:09 +0800] "GET / HTTP/1.0" 200 485232 "https://amici.com.sg/" "Mozilla/5.0 (Windows NT 10.0; Win64; x64) AppleWebKit/537.36 (KHTML, like Gecko) Chrome/103.0.0.0 Safari/537.36 OpenWave/97.4.2043.44" "-"
82.147.85.96 - - [20/Feb/2024:01:05:14 +0800] "POST /wp-admin/admin-ajax.php HTTP/1.0" 200 197 "https://amici.com.sg/" "Mozilla/5.0 (Windows NT 10.0; Win64; x64) AppleWebKit/537.36 (KHTML, like Gecko) Chrome/103.0.0.0 Safari/537.36 OpenWave/97.4.2043.44" "-"
47.128.208.92 - - [20/Feb/2024:01:06:32 +0800] "POST /wp-cron.php?doing_wp_cron=1708362392.1352550983428955078125 HTTP/1.1" 200 11 "-" "WordPress/6.4.3; https://amici.com.sg" "-"
118.201.224.174 - - [20/Feb/2024:01:06:32 +0800] "POST /wp-admin/admin-ajax.php HTTP/2.0" 200 52 "https://amici.com.sg/wp-admin/post.php?post=2618&action=edit" "Mozilla/5.0 (Windows NT 10.0; Win64; x64) AppleWebKit/537.36 (KHTML, like Gecko) Chrome/121.0.0.0 Safari/537.36" "-"
47.128.208.92 - - [20/Feb/2024:01:08:21 +0800] "POST /wp-cron.php?doing_wp_cron=1708362501.0553131103515625000000 HTTP/1.1" 200 11 "-" "WordPress/6.4.3; https://amici.com.sg" "-"
118.201.224.174 - - [20/Feb/2024:01:08:21 +0800] "POST /wp-admin/admin-ajax.php HTTP/2.0" 200 52 "https://amici.com.sg/wp-admin/post.php?post=2618&action=edit" "Mozilla/5.0 (Windows NT 10.0; Win64; x64) AppleWebKit/537.36 (KHTML, like Gecko) Chrome/121.0.0.0 Safari/537.36" "-"
118.201.224.174 - - [20/Feb/2024:01:08:35 +0800] "POST /wp-admin/admin-ajax.php HTTP/2.0" 200 52 "https://amici.com.sg/wp-admin/post.php?post=2618&action=edit" "Mozilla/5.0 (Windows NT 10.0; Win64; x64) AppleWebKit/537.36 (KHTML, like Gecko) Chrome/121.0.0.0 Safari/537.36" "-"
47.128.208.92 - - [20/Feb/2024:01:08:51 +0800] "POST /wp-cron.php?doing_wp_cron=1708362531.8388419151306152343750 HTTP/1.1" 200 11 "-" "WordPress/6.4.3; https://amici.com.sg" "-"
118.201.224.174 - - [20/Feb/2024:01:08:51 +0800] "POST /wp-admin/admin-ajax.php HTTP/2.0" 200 52 "https://amici.com.sg/wp-admin/post.php?post=2618&action=edit" "Mozilla/5.0 (Windows NT 10.0; Win64; x64) AppleWebKit/537.36 (KHTML, like Gecko) Chrome/121.0.0.0 Safari/537.36" "-"
192.0.82.55 - - [20/Feb/2024:01:09:32 +0800] "HEAD / HTTP/1.1" 200 0 "-" "jetmon/1.0 (Jetpack Site Uptime Monitor by WordPress.com)" "-"
47.128.208.92 - - [20/Feb/2024:01:10:55 +0800] "POST /wp-cron.php?doing_wp_cron=1708362655.9566679000854492187500 HTTP/1.1" 200 11 "-" "WordPress/6.4.3; https://amici.com.sg" "-"
118.201.224.174 - - [20/Feb/2024:01:10:56 +0800] "POST /wp-admin/admin-ajax.php HTTP/2.0" 200 52 "https://amici.com.sg/wp-admin/post.php?post=2618&action=edit" "Mozilla/5.0 (Windows NT 10.0; Win64; x64) AppleWebKit/537.36 (KHTML, like Gecko) Chrome/121.0.0.0 Safari/537.36" "-"
47.128.208.92 - - [20/Feb/2024:01:12:53 +0800] "POST /wp-cron.php?doing_wp_cron=1708362773.8487310409545898437500 HTTP/1.1" 200 11 "-" "WordPress/6.4.3; https://amici.com.sg" "-"
118.201.224.174 - - [20/Feb/2024:01:12:53 +0800] "POST /wp-admin/admin-ajax.php HTTP/2.0" 200 52 "https://amici.com.sg/wp-admin/post.php?post=2618&action=edit" "Mozilla/5.0 (Windows NT 10.0; Win64; x64) AppleWebKit/537.36 (KHTML, like Gecko) Chrome/121.0.0.0 Safari/537.36" "-"
192.0.82.55 - - [20/Feb/2024:01:14:32 +0800] "HEAD / HTTP/1.1" 200 0 "-" "jetmon/1.0 (Jetpack Site Uptime Monitor by WordPress.com)" "-"
47.128.208.92 - - [20/Feb/2024:01:14:54 +0800] "POST /wp-cron.php?doing_wp_cron=1708362894.8339300155639648437500 HTTP/1.1" 200 11 "-" "WordPress/6.4.3; https://amici.com.sg" "-"
118.201.224.174 - - [20/Feb/2024:01:14:54 +0800] "POST /wp-admin/admin-ajax.php HTTP/2.0" 200 52 "https://amici.com.sg/wp-admin/post.php?post=2618&action=edit" "Mozilla/5.0 (Windows NT 10.0; Win64; x64) AppleWebKit/537.36 (KHTML, like Gecko) Chrome/121.0.0.0 Safari/537.36" "-"
47.128.208.92 - - [20/Feb/2024:01:15:19 +0800] "POST /wp-cron.php?doing_wp_cron=1708362919.3550961017608642578125 HTTP/1.1" 200 11 "-" "WordPress/6.4.3; https://amici.com.sg" "-"
118.201.224.174 - - [20/Feb/2024:01:15:19 +0800] "POST /wp-admin/admin-ajax.php HTTP/2.0" 200 52 "https://amici.com.sg/wp-admin/post.php?post=2618&action=edit" "Mozilla/5.0 (Windows NT 10.0; Win64; x64) AppleWebKit/537.36 (KHTML, like Gecko) Chrome/121.0.0.0 Safari/537.36" "-"
118.201.224.174 - - [20/Feb/2024:01:15:34 +0800] "POST /wp-admin/admin-ajax.php HTTP/2.0" 200 52 "https://amici.com.sg/wp-admin/post.php?post=2618&action=edit" "Mozilla/5.0 (Windows NT 10.0; Win64; x64) AppleWebKit/537.36 (KHTML, like Gecko) Chrome/121.0.0.0 Safari/537.36" "-"
110.172.98.2 - - [20/Feb/2024:01:16:02 +0800] "GET / HTTP/1.1" 301 162 "-" "Mozilla/5.0 (Windows NT 10.0; Win64; x64) AppleWebKit/537.36 (KHTML, like Gecko) Chrome/79.0.3945.130 Safari/537.36" "-"
47.128.208.92 - - [20/Feb/2024:01:16:02 +0800] "POST /wp-cron.php?doing_wp_cron=1708362962.8836109638214111328125 HTTP/1.1" 200 11 "-" "WordPress/6.4.3; https://amici.com.sg" "-"
110.172.98.2 - - [20/Feb/2024:01:16:03 +0800] "GET / HTTP/1.1" 499 0 "-" "Mozilla/5.0 (Windows NT 10.0; Win64; x64) AppleWebKit/537.36 (KHTML, like Gecko) Chrome/79.0.3945.130 Safari/537.36" "-"
114.119.145.129 - - [20/Feb/2024:01:17:13 +0800] "GET /SCABROUS/DvrsX-Isde-Diesel-Engine-Hydraulic-Power-Steering-Pump-C4988675-For-Dongfeng-Kingrun-Truck-45-YX45Hydraulic-yxhydraulic-5896710.html HTTP/1.1" 301 162 "http://www.amici.com.sg/SCABROUS/HTDIq-Gardner-Denver-Teed-Pump-And-Parts-45-YX45Hydraulic-yxhydraulic-5892464.html" "Mozilla/5.0 (Linux; Android 7.0;) AppleWebKit/537.36 (KHTML, like Gecko) Mobile Safari/537.36 (compatible; PetalBot;+https://webmaster.petalsearch.com/site/petalbot)" "10.179.80.188"
47.128.208.92 - - [20/Feb/2024:01:17:24 +0800] "POST /wp-cron.php?doing_wp_cron=1708363044.5698909759521484375000 HTTP/1.1" 200 11 "-" "WordPress/6.4.3; https://amici.com.sg" "-"
114.119.145.129 - - [20/Feb/2024:01:17:24 +0800] "GET /SCABROUS/DvrsX-Isde-Diesel-Engine-Hydraulic-Power-Steering-Pump-C4988675-For-Dongfeng-Kingrun-Truck-45-YX45Hydraulic-yxhydraulic-5896710.html HTTP/1.1" 301 5 "http://www.amici.com.sg/SCABROUS/HTDIq-Gardner-Denver-Teed-Pump-And-Parts-45-YX45Hydraulic-yxhydraulic-5892464.html" "Mozilla/5.0 (Linux; Android 7.0;) AppleWebKit/537.36 (KHTML, like Gecko) Mobile Safari/537.36 (compatible; PetalBot;+https://webmaster.petalsearch.com/site/petalbot)" "-"
47.128.208.92 - - [20/Feb/2024:01:17:25 +0800] "POST /wp-cron.php?doing_wp_cron=1708363045.7484600543975830078125 HTTP/1.1" 200 11 "-" "WordPress/6.4.3; https://amici.com.sg" "-"
114.119.145.129 - - [20/Feb/2024:01:17:26 +0800] "GET /SCABROUS/DvrsX-Isde-Diesel-Engine-Hydraulic-Power-Steering-Pump-C4988675-For-Dongfeng-Kingrun-Truck-45-YX45Hydraulic-yxhydraulic-5896710.html HTTP/1.1" 404 190080 "http://www.amici.com.sg/SCABROUS/HTDIq-Gardner-Denver-Teed-Pump-And-Parts-45-YX45Hydraulic-yxhydraulic-5892464.html" "Mozilla/5.0 (Linux; Android 7.0;) AppleWebKit/537.36 (KHTML, like Gecko) Mobile Safari/537.36 (compatible; PetalBot;+https://webmaster.petalsearch.com/site/petalbot)" "-"
118.201.224.174 - - [20/Feb/2024:01:17:35 +0800] "POST /wp-admin/admin-ajax.php HTTP/2.0" 200 52 "https://amici.com.sg/wp-admin/post.php?post=2618&action=edit" "Mozilla/5.0 (Windows NT 10.0; Win64; x64) AppleWebKit/537.36 (KHTML, like Gecko) Chrome/121.0.0.0 Safari/537.36" "-"
47.128.208.92 - - [20/Feb/2024:01:18:24 +0800] "POST /wp-cron.php?doing_wp_cron=1708363104.8972809314727783203125 HTTP/1.1" 200 11 "-" "WordPress/6.4.3; https://amici.com.sg" "-"
118.201.224.174 - - [20/Feb/2024:01:18:24 +0800] "POST /wp-admin/admin-ajax.php HTTP/2.0" 200 52 "https://amici.com.sg/wp-admin/post.php?post=2618&action=edit" "Mozilla/5.0 (Windows NT 10.0; Win64; x64) AppleWebKit/537.36 (KHTML, like Gecko) Chrome/121.0.0.0 Safari/537.36" "-"
118.201.224.174 - - [20/Feb/2024:01:18:40 +0800] "POST /wp-admin/admin-ajax.php HTTP/2.0" 200 52 "https://amici.com.sg/wp-admin/post.php?post=2618&action=edit" "Mozilla/5.0 (Windows NT 10.0; Win64; x64) AppleWebKit/537.36 (KHTML, like Gecko) Chrome/121.0.0.0 Safari/537.36" "-"
192.0.82.55 - - [20/Feb/2024:01:19:31 +0800] "HEAD / HTTP/1.1" 200 0 "-" "jetmon/1.0 (Jetpack Site Uptime Monitor by WordPress.com)" "-"
47.128.208.92 - - [20/Feb/2024:01:20:29 +0800] "POST /wp-cron.php?doing_wp_cron=1708363229.8519361019134521484375 HTTP/1.1" 200 11 "-" "WordPress/6.4.3; https://amici.com.sg" "-"
195.133.129.61 - - [20/Feb/2024:01:20:30 +0800] "GET /our-menu/ HTTP/2.0" 200 105605 "https://amici.com.sg/AmiciModernHuatChaiYuSheng?manufacturer_id=&sort=p.price&order=ASC&page=10" "Mozilla/5.0 (iPhone; CPU iPhone OS 17_2 like Mac OS X) AppleWebKit/605.1.15 (KHTML, like Gecko) CriOS/121.0.6167.171 Mobile/15E148 Safari/604.1" "-"
195.133.129.61 - - [20/Feb/2024:01:20:31 +0800] "POST /?wc-ajax=get_refreshed_fragments HTTP/2.0" 200 568 "https://amici.com.sg/our-menu/" "Mozilla/5.0 (iPhone; CPU iPhone OS 17_2 like Mac OS X) AppleWebKit/605.1.15 (KHTML, like Gecko) CriOS/121.0.6167.171 Mobile/15E148 Safari/604.1" "-"
195.133.129.61 - - [20/Feb/2024:01:20:31 +0800] "POST /wp-json/cleantalk-antispam/v1/apbct_get_pixel_url HTTP/2.0" 200 77 "https://amici.com.sg/our-menu/" "Mozilla/5.0 (iPhone; CPU iPhone OS 17_2 like Mac OS X) AppleWebKit/605.1.15 (KHTML, like Gecko) CriOS/121.0.6167.171 Mobile/15E148 Safari/604.1" "-"
195.133.129.61 - - [20/Feb/2024:01:20:31 +0800] "POST /wp-admin/admin-ajax.php HTTP/2.0" 200 300 "https://amici.com.sg/our-menu/" "Mozilla/5.0 (iPhone; CPU iPhone OS 17_2 like Mac OS X) AppleWebKit/605.1.15 (KHTML, like Gecko) CriOS/121.0.6167.171 Mobile/15E148 Safari/604.1" "-"
195.133.129.61 - - [20/Feb/2024:01:20:32 +0800] "POST /wp-admin/admin-ajax.php HTTP/2.0" 200 300 "https://amici.com.sg/our-menu/" "Mozilla/5.0 (iPhone; CPU iPhone OS 17_2 like Mac OS X) AppleWebKit/605.1.15 (KHTML, like Gecko) CriOS/121.0.6167.171 Mobile/15E148 Safari/604.1" "-"
118.201.224.174 - - [20/Feb/2024:01:20:41 +0800] "POST /wp-admin/admin-ajax.php HTTP/2.0" 200 52 "https://amici.com.sg/wp-admin/post.php?post=2618&action=edit" "Mozilla/5.0 (Windows NT 10.0; Win64; x64) AppleWebKit/537.36 (KHTML, like Gecko) Chrome/121.0.0.0 Safari/537.36" "-"
47.128.208.92 - - [20/Feb/2024:01:22:24 +0800] "POST /wp-cron.php?doing_wp_cron=1708363344.2094709873199462890625 HTTP/1.1" 200 11 "-" "WordPress/6.4.3; https://amici.com.sg" "-"
112.199.229.1 - - [20/Feb/2024:01:22:24 +0800] "GET /orders/about-us HTTP/2.0" 500 2726 "https://www.google.com.sg/" "Mozilla/5.0 (iPhone; CPU iPhone OS 16_2 like Mac OS X) AppleWebKit/605.1.15 (KHTML, like Gecko) Version/16.2 Mobile/15E148 Safari/604.1" "-"
112.199.229.1 - - [20/Feb/2024:01:22:35 +0800] "GET /bento-box HTTP/2.0" 404 101789 "https://www.google.com.sg/" "Mozilla/5.0 (iPhone; CPU iPhone OS 16_2 like Mac OS X) AppleWebKit/605.1.15 (KHTML, like Gecko) Version/16.2 Mobile/15E148 Safari/604.1" "-"
112.199.229.1 - - [20/Feb/2024:01:22:36 +0800] "POST /?wc-ajax=get_refreshed_fragments HTTP/2.0" 200 568 "https://amici.com.sg/bento-box" "Mozilla/5.0 (iPhone; CPU iPhone OS 16_2 like Mac OS X) AppleWebKit/605.1.15 (KHTML, like Gecko) Version/16.2 Mobile/15E148 Safari/604.1" "-"
112.199.229.1 - - [20/Feb/2024:01:22:37 +0800] "POST /wp-json/cleantalk-antispam/v1/apbct_get_pixel_url HTTP/2.0" 200 77 "https://amici.com.sg/bento-box" "Mozilla/5.0 (iPhone; CPU iPhone OS 16_2 like Mac OS X) AppleWebKit/605.1.15 (KHTML, like Gecko) Version/16.2 Mobile/15E148 Safari/604.1" "-"
112.199.229.1 - - [20/Feb/2024:01:22:37 +0800] "POST /wp-admin/admin-ajax.php HTTP/2.0" 200 300 "https://amici.com.sg/bento-box" "Mozilla/5.0 (iPhone; CPU iPhone OS 16_2 like Mac OS X) AppleWebKit/605.1.15 (KHTML, like Gecko) Version/16.2 Mobile/15E148 Safari/604.1" "-"
112.199.229.1 - - [20/Feb/2024:01:22:37 +0800] "POST /wp-admin/admin-ajax.php HTTP/2.0" 200 300 "https://amici.com.sg/bento-box" "Mozilla/5.0 (iPhone; CPU iPhone OS 16_2 like Mac OS X) AppleWebKit/605.1.15 (KHTML, like Gecko) Version/16.2 Mobile/15E148 Safari/604.1" "-"
118.201.224.174 - - [20/Feb/2024:01:22:42 +0800] "POST /wp-admin/admin-ajax.php HTTP/2.0" 200 52 "https://amici.com.sg/wp-admin/post.php?post=2618&action=edit" "Mozilla/5.0 (Windows NT 10.0; Win64; x64) AppleWebKit/537.36 (KHTML, like Gecko) Chrome/121.0.0.0 Safari/537.36" "-"
47.128.208.92 - - [20/Feb/2024:01:22:49 +0800] "POST /wp-cron.php?doing_wp_cron=1708363369.6767029762268066406250 HTTP/1.1" 200 11 "-" "WordPress/6.4.3; https://amici.com.sg" "-"
54.36.148.28 - - [20/Feb/2024:01:22:49 +0800] "GET /seminar/local-seminar/local-seminar-full-day HTTP/2.0" 301 0 "-" "Mozilla/5.0 (compatible; AhrefsBot/7.0; +http://ahrefs.com/robot/)" "-"
173.249.52.122 - - [20/Feb/2024:01:24:05 +0800] "GET /simple.php HTTP/1.1" 301 162 "www.google.com" "Mozlila/5.0 (Linux; Android 7.0; SM-G892A Bulid/NRD90M; wv) AppleWebKit/537.36 (KHTML, like Gecko) Version/4.0 Chrome/60.0.3112.107 Moblie Safari/537.36" "-"
23.82.18.11 - - [20/Feb/2024:01:24:19 +0800] "GET / HTTP/1.1" 301 162 "-" "Mozilla/5.0 (Windows NT 10.0; Win64; x64) AppleWebKit/537.36 (KHTML, like Gecko) Chrome/120.0.0.0 Safari/537.36" "-"
47.128.208.92 - - [20/Feb/2024:01:24:23 +0800] "POST /wp-cron.php?doing_wp_cron=1708363463.1678490638732910156250 HTTP/1.1" 200 11 "-" "WordPress/6.4.3; https://amici.com.sg" "-"
23.82.18.11 - - [20/Feb/2024:01:24:23 +0800] "GET / HTTP/2.0" 301 0 "-" "Mozilla/5.0 (Windows NT 10.0; Win64; x64) AppleWebKit/537.36 (KHTML, like Gecko) Chrome/120.0.0.0 Safari/537.36" "-"
173.249.52.122 - - [20/Feb/2024:01:24:25 +0800] "GET /simple.php HTTP/1.1" 404 178 "www.google.com" "Mozlila/5.0 (Linux; Android 7.0; SM-G892A Bulid/NRD90M; wv) AppleWebKit/537.36 (KHTML, like Gecko) Version/4.0 Chrome/60.0.3112.107 Moblie Safari/537.36" "-"
23.82.18.11 - - [20/Feb/2024:01:24:28 +0800] "GET / HTTP/2.0" 200 109812 "-" "Mozilla/5.0 (Windows NT 10.0; Win64; x64) AppleWebKit/537.36 (KHTML, like Gecko) Chrome/120.0.0.0 Safari/537.36" "-"
118.201.224.174 - - [20/Feb/2024:01:24:31 +0800] "POST /wp-admin/admin-ajax.php HTTP/2.0" 200 52 "https://amici.com.sg/wp-admin/post.php?post=2618&action=edit" "Mozilla/5.0 (Windows NT 10.0; Win64; x64) AppleWebKit/537.36 (KHTML, like Gecko) Chrome/121.0.0.0 Safari/537.36" "-"
192.0.82.55 - - [20/Feb/2024:01:24:32 +0800] "HEAD / HTTP/1.1" 200 0 "-" "jetmon/1.0 (Jetpack Site Uptime Monitor by WordPress.com)" "-"
173.249.52.122 - - [20/Feb/2024:01:24:34 +0800] "GET /style.php HTTP/1.1" 404 178 "www.google.com" "Mozlila/5.0 (Linux; Android 7.0; SM-G892A Bulid/NRD90M; wv) AppleWebKit/537.36 (KHTML, like Gecko) Version/4.0 Chrome/60.0.3112.107 Moblie Safari/537.36" "-"
47.128.208.92 - - [20/Feb/2024:01:24:46 +0800] "POST /wp-cron.php?doing_wp_cron=1708363486.8166389465332031250000 HTTP/1.1" 200 11 "-" "WordPress/6.4.3; https://amici.com.sg" "-"
118.201.224.174 - - [20/Feb/2024:01:24:46 +0800] "POST /wp-admin/admin-ajax.php HTTP/2.0" 200 52 "https://amici.com.sg/wp-admin/post.php?post=2618&action=edit" "Mozilla/5.0 (Windows NT 10.0; Win64; x64) AppleWebKit/537.36 (KHTML, like Gecko) Chrome/121.0.0.0 Safari/537.36" "-"
23.82.18.11 - - [20/Feb/2024:01:25:29 +0800] "POST /wp-json/cleantalk-antispam/v1/apbct_get_pixel_url HTTP/2.0" 200 76 "https://amici.com.sg/" "Mozilla/5.0 (Windows NT 10.0; Win64; x64) AppleWebKit/537.36 (KHTML, like Gecko) Chrome/120.0.0.0 Safari/537.36" "-"
23.82.18.11 - - [20/Feb/2024:01:25:30 +0800] "POST /?wc-ajax=get_refreshed_fragments HTTP/2.0" 200 568 "https://amici.com.sg/" "Mozilla/5.0 (Windows NT 10.0; Win64; x64) AppleWebKit/537.36 (KHTML, like Gecko) Chrome/120.0.0.0 Safari/537.36" "-"
23.82.18.11 - - [20/Feb/2024:01:25:32 +0800] "POST /wp-admin/admin-ajax.php HTTP/2.0" 200 300 "https://amici.com.sg/" "Mozilla/5.0 (Windows NT 10.0; Win64; x64) AppleWebKit/537.36 (KHTML, like Gecko) Chrome/120.0.0.0 Safari/537.36" "-"
23.82.18.11 - - [20/Feb/2024:01:25:32 +0800] "POST /wp-admin/admin-ajax.php HTTP/2.0" 200 300 "https://amici.com.sg/" "Mozilla/5.0 (Windows NT 10.0; Win64; x64) AppleWebKit/537.36 (KHTML, like Gecko) Chrome/120.0.0.0 Safari/537.36" "-"
20.15.133.185 - - [20/Feb/2024:01:25:34 +0800] "GET /de-classico/De%20Classico%20-%20National%20Day%20Special HTTP/2.0" 301 0 "-" "Mozilla/5.0 AppleWebKit/537.36 (KHTML, like Gecko; compatible; bingbot/2.0; +http://www.bing.com/bingbot.htm) Chrome/116.0.1938.76 Safari/537.36" "-"
47.128.208.92 - - [20/Feb/2024:01:26:50 +0800] "POST /wp-cron.php?doing_wp_cron=1708363610.3909881114959716796875 HTTP/1.1" 200 11 "-" "WordPress/6.4.3; https://amici.com.sg" "-"
118.201.224.174 - - [20/Feb/2024:01:26:50 +0800] "POST /wp-admin/admin-ajax.php HTTP/2.0" 200 52 "https://amici.com.sg/wp-admin/post.php?post=2618&action=edit" "Mozilla/5.0 (Windows NT 10.0; Win64; x64) AppleWebKit/537.36 (KHTML, like Gecko) Chrome/121.0.0.0 Safari/537.36" "-"
157.55.39.56 - - [20/Feb/2024:01:26:51 +0800] "GET /TurkeyBreastPlatter?manufacturer_id=&sort=p.sort_order&order=ASC&page=11 HTTP/2.0" 404 189739 "-" "Mozilla/5.0 AppleWebKit/537.36 (KHTML, like Gecko; compatible; bingbot/2.0; +http://www.bing.com/bingbot.htm) Chrome/116.0.1938.76 Safari/537.36" "-"
47.128.208.92 - - [20/Feb/2024:01:28:30 +0800] "POST /wp-cron.php?doing_wp_cron=1708363710.4919590950012207031250 HTTP/1.1" 200 11 "-" "WordPress/6.4.3; https://amici.com.sg" "-"
118.201.224.174 - - [20/Feb/2024:01:28:30 +0800] "POST /wp-admin/admin-ajax.php HTTP/2.0" 200 52 "https://amici.com.sg/wp-admin/post.php?post=2618&action=edit" "Mozilla/5.0 (Windows NT 10.0; Win64; x64) AppleWebKit/537.36 (KHTML, like Gecko) Chrome/121.0.0.0 Safari/537.36" "-"
47.128.208.92 - - [20/Feb/2024:01:28:45 +0800] "POST /wp-cron.php?doing_wp_cron=1708363725.8183701038360595703125 HTTP/1.1" 200 11 "-" "WordPress/6.4.3; https://amici.com.sg" "-"
118.201.224.174 - - [20/Feb/2024:01:28:45 +0800] "POST /wp-admin/admin-ajax.php HTTP/2.0" 200 52 "https://amici.com.sg/wp-admin/post.php?post=2618&action=edit" "Mozilla/5.0 (Windows NT 10.0; Win64; x64) AppleWebKit/537.36 (KHTML, like Gecko) Chrome/121.0.0.0 Safari/537.36" "-"
192.0.82.55 - - [20/Feb/2024:01:29:34 +0800] "HEAD / HTTP/1.1" 200 0 "-" "jetmon/1.0 (Jetpack Site Uptime Monitor by WordPress.com)" "-"
47.128.208.92 - - [20/Feb/2024:01:30:46 +0800] "POST /wp-cron.php?doing_wp_cron=1708363846.8026509284973144531250 HTTP/1.1" 200 11 "-" "WordPress/6.4.3; https://amici.com.sg" "-"
118.201.224.174 - - [20/Feb/2024:01:30:46 +0800] "POST /wp-admin/admin-ajax.php HTTP/2.0" 200 52 "https://amici.com.sg/wp-admin/post.php?post=2618&action=edit" "Mozilla/5.0 (Windows NT 10.0; Win64; x64) AppleWebKit/537.36 (KHTML, like Gecko) Chrome/121.0.0.0 Safari/537.36" "-"
47.128.208.92 - - [20/Feb/2024:01:31:56 +0800] "POST /wp-cron.php?doing_wp_cron=1708363916.0962650775909423828125 HTTP/1.1" 200 11 "-" "WordPress/6.4.3; https://amici.com.sg" "-"
118.201.224.174 - - [20/Feb/2024:01:31:56 +0800] "POST /wp-admin/admin-ajax.php HTTP/2.0" 200 52 "https://amici.com.sg/wp-admin/post.php?post=2618&action=edit" "Mozilla/5.0 (Windows NT 10.0; Win64; x64) AppleWebKit/537.36 (KHTML, like Gecko) Chrome/121.0.0.0 Safari/537.36" "-"
52.167.144.54 - - [20/Feb/2024:01:32:04 +0800] "GET /robots.txt HTTP/1.1" 301 162 "-" "Mozilla/5.0 AppleWebKit/537.36 (KHTML, like Gecko; compatible; bingbot/2.0; +http://www.bing.com/bingbot.htm) Chrome/116.0.1938.76 Safari/537.36" "-"
52.167.144.54 - - [20/Feb/2024:01:32:05 +0800] "GET /robots.txt HTTP/2.0" 301 0 "-" "Mozilla/5.0 AppleWebKit/537.36 (KHTML, like Gecko; compatible; bingbot/2.0; +http://www.bing.com/bingbot.htm) Chrome/116.0.1938.76 Safari/537.36" "-"
52.167.144.54 - - [20/Feb/2024:01:32:06 +0800] "GET /robots.txt HTTP/2.0" 200 113 "-" "Mozilla/5.0 AppleWebKit/537.36 (KHTML, like Gecko; compatible; bingbot/2.0; +http://www.bing.com/bingbot.htm) Chrome/116.0.1938.76 Safari/537.36" "-"
118.201.224.174 - - [20/Feb/2024:01:32:11 +0800] "POST /wp-admin/admin-ajax.php HTTP/2.0" 200 52 "https://amici.com.sg/wp-admin/post.php?post=2618&action=edit" "Mozilla/5.0 (Windows NT 10.0; Win64; x64) AppleWebKit/537.36 (KHTML, like Gecko) Chrome/121.0.0.0 Safari/537.36" "-"
157.55.39.54 - - [20/Feb/2024:01:32:17 +0800] "GET /gyxsikbqebjreutcuwnifbxzpa/Cxucg-Brand88-45-Keep-Calm-and-Don-drakecloud-13065801.html HTTP/1.1" 301 162 "-" "Mozilla/5.0 AppleWebKit/537.36 (KHTML, like Gecko; compatible; bingbot/2.0; +http://www.bing.com/bingbot.htm) Chrome/116.0.1938.76 Safari/537.36" "-"
47.128.208.92 - - [20/Feb/2024:01:32:30 +0800] "POST /wp-cron.php?doing_wp_cron=1708363950.8731429576873779296875 HTTP/1.1" 200 11 "-" "WordPress/6.4.3; https://amici.com.sg" "-"
17.241.219.58 - - [20/Feb/2024:01:32:30 +0800] "GET /asian-seminar-b HTTP/1.1" 301 5 "-" "Mozilla/5.0 (Macintosh; Intel Mac OS X 10_15_5) AppleWebKit/605.1.15 (KHTML, like Gecko) Version/13.1.1 Safari/605.1.15 (Applebot/0.1; +http://www.apple.com/go/applebot)" "-"
17.241.219.170 - - [20/Feb/2024:01:32:33 +0800] "GET /asian-seminar-b HTTP/1.1" 404 189724 "-" "Mozilla/5.0 (Macintosh; Intel Mac OS X 10_15_5) AppleWebKit/605.1.15 (KHTML, like Gecko) Version/13.1.1 Safari/605.1.15 (Applebot/0.1; +http://www.apple.com/go/applebot)" "-"
47.128.208.92 - - [20/Feb/2024:01:33:08 +0800] "POST /wp-cron.php?doing_wp_cron=1708363988.3074250221252441406250 HTTP/1.1" 200 11 "-" "WordPress/6.4.3; https://amici.com.sg" "-"
118.201.224.174 - - [20/Feb/2024:01:33:08 +0800] "POST /wp-admin/admin-ajax.php HTTP/2.0" 200 52 "https://amici.com.sg/wp-admin/post.php?post=2618&action=edit" "Mozilla/5.0 (Windows NT 10.0; Win64; x64) AppleWebKit/537.36 (KHTML, like Gecko) Chrome/121.0.0.0 Safari/537.36" "-"
66.249.66.18 - - [20/Feb/2024:01:33:13 +0800] "GET /robots.txt HTTP/1.1" 200 97 "-" "Mozilla/5.0 (compatible; Googlebot/2.1; +http://www.google.com/bot.html)" "-"
47.128.208.92 - - [20/Feb/2024:01:33:21 +0800] "POST /wp-cron.php?doing_wp_cron=1708364001.7730419635772705078125 HTTP/1.1" 200 11 "-" "WordPress/6.4.3; https://amici.com.sg" "-"
47.128.99.179 - - [20/Feb/2024:01:33:22 +0800] "GET /mediterranean-seminar-b?limit=25&manufacturer_id=1&order=ASC&page=4&sort=p.model HTTP/2.0" 404 189701 "-" "Mozilla/5.0 (compatible; Bytespider; spider-feedback@bytedance.com) AppleWebKit/537.36 (KHTML, like Gecko) Chrome/70.0.0.0 Safari/537.36" "-"
118.201.224.174 - - [20/Feb/2024:01:33:23 +0800] "POST /wp-admin/admin-ajax.php HTTP/2.0" 200 52 "https://amici.com.sg/wp-admin/post.php?post=2618&action=edit" "Mozilla/5.0 (Windows NT 10.0; Win64; x64) AppleWebKit/537.36 (KHTML, like Gecko) Chrome/121.0.0.0 Safari/537.36" "-"
192.0.82.55 - - [20/Feb/2024:01:34:32 +0800] "HEAD / HTTP/1.1" 200 0 "-" "jetmon/1.0 (Jetpack Site Uptime Monitor by WordPress.com)" "-"
216.244.66.234 - - [20/Feb/2024:01:35:18 +0800] "GET /robots.txt HTTP/1.1" 301 162 "-" "Mozilla/5.0 (compatible; DotBot/1.2; +https://opensiteexplorer.org/dotbot; help@moz.com)" "-"
47.128.208.92 - - [20/Feb/2024:01:35:19 +0800] "POST /wp-cron.php?doing_wp_cron=1708364119.6221609115600585937500 HTTP/1.1" 200 11 "-" "WordPress/6.4.3; https://amici.com.sg" "-"
216.244.66.234 - - [20/Feb/2024:01:35:19 +0800] "GET /robots.txt HTTP/1.1" 200 152 "-" "Mozilla/5.0 (compatible; DotBot/1.2; +https://opensiteexplorer.org/dotbot; help@moz.com)" "-"
118.201.224.174 - - [20/Feb/2024:01:35:24 +0800] "POST /wp-admin/admin-ajax.php HTTP/2.0" 200 52 "https://amici.com.sg/wp-admin/post.php?post=2618&action=edit" "Mozilla/5.0 (Windows NT 10.0; Win64; x64) AppleWebKit/537.36 (KHTML, like Gecko) Chrome/121.0.0.0 Safari/537.36" "-"
47.128.208.92 - - [20/Feb/2024:01:36:38 +0800] "POST /wp-cron.php?doing_wp_cron=1708364198.4366290569305419921875 HTTP/1.1" 200 11 "-" "WordPress/6.4.3; https://amici.com.sg" "-"
216.244.66.234 - - [20/Feb/2024:01:36:41 +0800] "GET /files/friends-alley/Standard-Packages-and-Optional-Services.pdf HTTP/1.1" 404 399336 "-" "Mozilla/5.0 (compatible; DotBot/1.2; +https://opensiteexplorer.org/dotbot; help@moz.com)" "-"
47.128.208.92 - - [20/Feb/2024:01:36:58 +0800] "POST /wp-cron.php?doing_wp_cron=1708364218.9552099704742431640625 HTTP/1.1" 200 11 "-" "WordPress/6.4.3; https://amici.com.sg" "-"
157.55.39.52 - - [20/Feb/2024:01:37:00 +0800] "GET /chinese-banquet-c?manufacturer_id=&sort=p.price&order=DESC&limit=75 HTTP/2.0" 404 189700 "-" "Mozilla/5.0 AppleWebKit/537.36 (KHTML, like Gecko; compatible; bingbot/2.0; +http://www.bing.com/bingbot.htm) Chrome/116.0.1938.76 Safari/537.36" "-"
40.77.167.60 - - [20/Feb/2024:01:37:12 +0800] "GET /index.php HTTP/2.0" 301 0 "-" "Mozilla/5.0 AppleWebKit/537.36 (KHTML, like Gecko; compatible; bingbot/2.0; +http://www.bing.com/bingbot.htm) Chrome/116.0.1938.76 Safari/537.36" "-"
118.201.224.174 - - [20/Feb/2024:01:37:25 +0800] "POST /wp-admin/admin-ajax.php HTTP/2.0" 200 52 "https://amici.com.sg/wp-admin/post.php?post=2618&action=edit" "Mozilla/5.0 (Windows NT 10.0; Win64; x64) AppleWebKit/537.36 (KHTML, like Gecko) Chrome/121.0.0.0 Safari/537.36" "-"
47.128.21.6 - - [20/Feb/2024:01:37:38 +0800] "GET /index.php?manufacturer_id=1&order=DESC&page=10&route=product%2Fmanufacturer%2Finfo&sort=p.price HTTP/2.0" 301 0 "-" "Mozilla/5.0 (compatible; Bytespider; spider-feedback@bytedance.com) AppleWebKit/537.36 (KHTML, like Gecko) Chrome/70.0.0.0 Safari/537.36" "-"
47.128.21.6 - - [20/Feb/2024:01:37:40 +0800] "GET /?manufacturer_id=1&order=DESC&page=10&route=product%2Fmanufacturer%2Finfo&sort=p.price HTTP/2.0" 200 189342 "-" "Mozilla/5.0 (compatible; Bytespider; spider-feedback@bytedance.com) AppleWebKit/537.36 (KHTML, like Gecko) Chrome/70.0.0.0 Safari/537.36" "-"
47.128.208.92 - - [20/Feb/2024:01:38:04 +0800] "POST /wp-cron.php?doing_wp_cron=1708364284.4118349552154541015625 HTTP/1.1" 200 11 "-" "WordPress/6.4.3; https://amici.com.sg" "-"
118.201.224.174 - - [20/Feb/2024:01:38:05 +0800] "POST /autodiscover/autodiscover.xml HTTP/1.1" 404 399114 "-" "Microsoft Office/15.0 (Windows NT 10.0; Microsoft Outlook 15.0.5603; Pro)" "-"
47.128.208.92 - - [20/Feb/2024:01:39:03 +0800] "POST /wp-cron.php?doing_wp_cron=1708364343.3710470199584960937500 HTTP/1.1" 200 11 "-" "WordPress/6.4.3; https://amici.com.sg" "-"
118.201.224.174 - - [20/Feb/2024:01:39:04 +0800] "POST /autodiscover/autodiscover.xml HTTP/1.1" 404 399122 "-" "Microsoft Office/15.0 (Windows NT 10.0; Microsoft Outlook 15.0.5603; Pro)" "-"
17.241.75.238 - - [20/Feb/2024:01:39:15 +0800] "GET / HTTP/1.1" 200 198550 "-" "Mozilla/5.0 (Macintosh; Intel Mac OS X 10_15_5) AppleWebKit/605.1.15 (KHTML, like Gecko) Version/13.1.1 Safari/605.1.15 (Applebot/0.1; +http://www.apple.com/go/applebot)" "-"
17.241.75.150 - - [20/Feb/2024:01:39:17 +0800] "GET /robots.txt HTTP/1.1" 301 162 "-" "Mozilla/5.0 (Macintosh; Intel Mac OS X 10_15_5) AppleWebKit/605.1.15 (KHTML, like Gecko) Version/13.1.1 Safari/605.1.15 (Applebot/0.1; +http://www.apple.com/go/applebot)" "-"
17.241.75.150 - - [20/Feb/2024:01:39:17 +0800] "GET / HTTP/1.1" 301 162 "-" "Mozilla/5.0 (Macintosh; Intel Mac OS X 10_15_5) AppleWebKit/605.1.15 (KHTML, like Gecko) Version/13.1.1 Safari/605.1.15 (Applebot/0.1; +http://www.apple.com/go/applebot)" "-"
17.241.75.164 - - [20/Feb/2024:01:39:18 +0800] "GET / HTTP/1.1" 301 5 "-" "Mozilla/5.0 (Macintosh; Intel Mac OS X 10_15_5) AppleWebKit/605.1.15 (KHTML, like Gecko) Version/13.1.1 Safari/605.1.15 (Applebot/0.1; +http://www.apple.com/go/applebot)" "-"
17.241.75.238 - - [20/Feb/2024:01:39:20 +0800] "GET /menu/buffet HTTP/1.1" 404 189725 "-" "Mozilla/5.0 (Macintosh; Intel Mac OS X 10_15_5) AppleWebKit/605.1.15 (KHTML, like Gecko) Version/13.1.1 Safari/605.1.15 (Applebot/0.1; +http://www.apple.com/go/applebot)" "-"
17.241.75.175 - - [20/Feb/2024:01:39:23 +0800] "GET /menu/seminar HTTP/1.1" 404 189722 "-" "Mozilla/5.0 (Macintosh; Intel Mac OS X 10_15_5) AppleWebKit/605.1.15 (KHTML, like Gecko) Version/13.1.1 Safari/605.1.15 (Applebot/0.1; +http://www.apple.com/go/applebot)" "-"
47.128.208.92 - - [20/Feb/2024:01:39:25 +0800] "POST /wp-cron.php?doing_wp_cron=1708364365.1058609485626220703125 HTTP/1.1" 200 11 "-" "WordPress/6.4.3; https://amici.com.sg" "-"
17.241.219.26 - - [20/Feb/2024:01:39:26 +0800] "GET /contact-us HTTP/1.1" 404 189719 "-" "Mozilla/5.0 (Macintosh; Intel Mac OS X 10_15_5) AppleWebKit/605.1.15 (KHTML, like Gecko) Version/13.1.1 Safari/605.1.15 (Applebot/0.1; +http://www.apple.com/go/applebot)" "-"
118.201.224.174 - - [20/Feb/2024:01:39:26 +0800] "POST /wp-admin/admin-ajax.php HTTP/2.0" 200 52 "https://amici.com.sg/wp-admin/post.php?post=2618&action=edit" "Mozilla/5.0 (Windows NT 10.0; Win64; x64) AppleWebKit/537.36 (KHTML, like Gecko) Chrome/121.0.0.0 Safari/537.36" "-"
17.241.227.57 - - [20/Feb/2024:01:39:28 +0800] "GET /index.php?route=information/information&information_id=4 HTTP/1.1" 301 5 "-" "Mozilla/5.0 (Macintosh; Intel Mac OS X 10_15_5) AppleWebKit/605.1.15 (KHTML, like Gecko) Version/13.1.1 Safari/605.1.15 (Applebot/0.1; +http://www.apple.com/go/applebot)" "-"
216.244.66.234 - - [20/Feb/2024:01:39:29 +0800] "GET /wp-content/uploads/2023/09/Buffet-Sustainable-2023.pdf HTTP/1.1" 200 216918 "-" "Mozilla/5.0 (compatible; DotBot/1.2; +https://opensiteexplorer.org/dotbot; help@moz.com)" "-"
17.241.227.57 - - [20/Feb/2024:01:39:30 +0800] "GET /?route=information%2Finformation&information_id=4 HTTP/1.1" 200 198442 "-" "Mozilla/5.0 (Macintosh; Intel Mac OS X 10_15_5) AppleWebKit/605.1.15 (KHTML, like Gecko) Version/13.1.1 Safari/605.1.15 (Applebot/0.1; +http://www.apple.com/go/applebot)" "-"
192.0.82.55 - - [20/Feb/2024:01:39:32 +0800] "HEAD / HTTP/1.1" 200 0 "-" "jetmon/1.0 (Jetpack Site Uptime Monitor by WordPress.com)" "-"
47.128.208.92 - - [20/Feb/2024:01:41:27 +0800] "POST /wp-cron.php?doing_wp_cron=1708364487.7840819358825683593750 HTTP/1.1" 200 11 "-" "WordPress/6.4.3; https://amici.com.sg" "-"
118.201.224.174 - - [20/Feb/2024:01:41:27 +0800] "POST /wp-admin/admin-ajax.php HTTP/2.0" 200 52 "https://amici.com.sg/wp-admin/post.php?post=2618&action=edit" "Mozilla/5.0 (Windows NT 10.0; Win64; x64) AppleWebKit/537.36 (KHTML, like Gecko) Chrome/121.0.0.0 Safari/537.36" "-"
47.128.208.92 - - [20/Feb/2024:01:42:52 +0800] "POST /wp-cron.php?doing_wp_cron=1708364572.5958099365234375000000 HTTP/1.1" 200 11 "-" "WordPress/6.4.3; https://amici.com.sg" "-"
